<html>
<body>
<pre>
<h1>µVision Build Log</h1>
<h2>Tool Versions:</h2>
IDE-Version: ¦ÌVision V5.40.0.12
Copyright (C) 2024 ARM Ltd and ARM Germany GmbH. All rights reserved.
License Information: 1 admin, 1, LIC=EXJT4-F9D14-GKGBG-V9VS4-A6NJD-Z2QKQ
 
Tool Versions:
Toolchain:       MDK-ARM Plus  Version: 5.40.0.5
Toolchain Path:  E:\keil5\Keil_v5\ARM\ARMCLANG\Bin
C Compiler:      ArmClang.exe V6.22
Assembler:       Armasm.exe V6.22
Linker/Locator:  ArmLink.exe V6.22
Library Manager: ArmAr.exe V6.22
Hex Converter:   FromElf.exe V6.22
CPU DLL:         SARMCM3.DLL V5.40.0.5
Dialog DLL:      DCM.DLL V1.17.5.0
Target DLL:      UL2CM3.DLL V1.164.14.0
Dialog DLL:      TCM.DLL V1.56.4.0
 
<h2>Project:</h2>
E:\codeProJect\keil_proj\1.Lora_V1.0\STM32-GResBoard\MDK-ARM\STM32-GResBoard.uvprojx
Project File Date:  04/21/2025

<h2>Output:</h2>
*** Using Compiler 'V6.22', folder: 'E:\keil5\Keil_v5\ARM\ARMCLANG\Bin'
Rebuild target 'STM32-GResBoard'
assembling startup_stm32l431xx.s...
compiling gpio.c...
compiling stm32l4xx_it.c...
compiling usart.c...
compiling rtc.c...
compiling flash.c...
compiling tim.c...
compiling adc.c...
compiling x9318.c...
compiling main.c...
compiling remote.c...
compiling stm32l4xx_hal_msp.c...
compiling ist7918.c...
compiling system_stm32l4xx.c...
compiling stm32l4xx_hal_flash.c...
compiling stm32l4xx_hal.c...
compiling stm32l4xx_hal_rcc.c...
compiling stm32l4xx_hal_flash_ramfunc.c...
compiling stm32l4xx_hal_flash_ex.c...
compiling stm32l4xx_hal_gpio.c...
compiling stm32l4xx_hal_adc_ex.c...
compiling stm32l4xx_hal_dma_ex.c...
compiling stm32l4xx_hal_adc.c...
compiling stm32l4xx_hal_rcc_ex.c...
compiling stm32l4xx_hal_dma.c...
compiling stm32l4xx_hal_pwr.c...
compiling stm32l4xx_hal_exti.c...
compiling stm32l4xx_hal_cortex.c...
compiling stm32l4xx_hal_pwr_ex.c...
compiling stm32l4xx_hal_uart_ex.c...
compiling stm32l4xx_hal_rtc_ex.c...
compiling stm32l4xx_hal_rtc.c...
compiling stm32l4xx_hal_tim_ex.c...
compiling stm32l4xx_hal_uart.c...
compiling stm32l4xx_hal_tim.c...
linking...
Program Size: Code=37108 RO-data=2680 RW-data=60 ZI-data=1668  
FromELF: creating hex file...
"STM32-GResBoard\STM32-GResBoard.axf" - 0 Error(s), 0 Warning(s).

<h2>Software Packages used:</h2>

Package Vendor: ARM
                https://www.keil.com/pack/ARM.CMSIS.6.1.0.pack
                ARM::CMSIS@6.1.0
                CMSIS (Common Microcontroller Software Interface Standard)
   * Component: CORE Version: 6.1.0

Package Vendor: Keil
                https://www.keil.com/pack/Keil.STM32L4xx_DFP.3.0.0.pack
                Keil::STM32L4xx_DFP@3.0.0
                STMicroelectronics STM32L4 Series Device Support

<h2>Collection of Component include folders:</h2>
  ./RTE/_STM32-GResBoard
  E:/keil5/Arm/Packs/ARM/CMSIS/6.1.0/CMSIS/Core/Include

<h2>Collection of Component Files used:</h2>

   * Component: ARM::CMSIS:CORE@6.1.0
Build Time Elapsed:  00:00:03
</pre>
</body>
</html>
