Component: Arm Compiler for Embedded 6.22 Tool: armlink [5ee90200]

==============================================================================

Section Cross References

    startup_stm32l431xx.o(RESET) refers to startup_stm32l431xx.o(STACK) for __initial_sp
    startup_stm32l431xx.o(RESET) refers to startup_stm32l431xx.o(.text) for Reset_Handler
    startup_stm32l431xx.o(RESET) refers to stm32l4xx_it.o(.text.NMI_Handler) for NMI_Handler
    startup_stm32l431xx.o(RESET) refers to stm32l4xx_it.o(.text.HardFault_Handler) for HardFault_Handler
    startup_stm32l431xx.o(RESET) refers to stm32l4xx_it.o(.text.MemManage_Handler) for MemManage_Handler
    startup_stm32l431xx.o(RESET) refers to stm32l4xx_it.o(.text.BusFault_Handler) for BusFault_Handler
    startup_stm32l431xx.o(RESET) refers to stm32l4xx_it.o(.text.UsageFault_Handler) for UsageFault_Handler
    startup_stm32l431xx.o(RESET) refers to stm32l4xx_it.o(.text.SVC_Handler) for SVC_Handler
    startup_stm32l431xx.o(RESET) refers to stm32l4xx_it.o(.text.DebugMon_Handler) for DebugMon_Handler
    startup_stm32l431xx.o(RESET) refers to stm32l4xx_it.o(.text.PendSV_Handler) for PendSV_Handler
    startup_stm32l431xx.o(RESET) refers to stm32l4xx_it.o(.text.SysTick_Handler) for SysTick_Handler
    startup_stm32l431xx.o(RESET) refers to stm32l4xx_it.o(.text.RTC_WKUP_IRQHandler) for RTC_WKUP_IRQHandler
    startup_stm32l431xx.o(RESET) refers to stm32l4xx_it.o(.text.EXTI9_5_IRQHandler) for EXTI9_5_IRQHandler
    startup_stm32l431xx.o(RESET) refers to stm32l4xx_it.o(.text.TIM1_BRK_TIM15_IRQHandler) for TIM1_BRK_TIM15_IRQHandler
    startup_stm32l431xx.o(RESET) refers to stm32l4xx_it.o(.text.TIM2_IRQHandler) for TIM2_IRQHandler
    startup_stm32l431xx.o(RESET) refers to stm32l4xx_it.o(.text.TIM6_DAC_IRQHandler) for TIM6_DAC_IRQHandler
    startup_stm32l431xx.o(.text) refers to system_stm32l4xx.o(.text.SystemInit) for SystemInit
    startup_stm32l431xx.o(.text) refers to entry.o(.ARM.Collect$$$$00000000) for __main
    x9318.o(.ARM.exidx.text.HAL_Delay_us) refers to x9318.o(.text.HAL_Delay_us) for [Anonymous Symbol]
    x9318.o(.text.X9318_Init) refers to stm32l4xx_hal_gpio.o(.text.HAL_GPIO_WritePin) for HAL_GPIO_WritePin
    x9318.o(.text.X9318_Init) refers to stm32l4xx_hal.o(.text.HAL_Delay) for HAL_Delay
    x9318.o(.ARM.exidx.text.X9318_Init) refers to x9318.o(.text.X9318_Init) for [Anonymous Symbol]
    x9318.o(.text.X9318_UP) refers to stm32l4xx_hal_gpio.o(.text.HAL_GPIO_WritePin) for HAL_GPIO_WritePin
    x9318.o(.ARM.exidx.text.X9318_UP) refers to x9318.o(.text.X9318_UP) for [Anonymous Symbol]
    x9318.o(.text.X9318_DOWN) refers to stm32l4xx_hal_gpio.o(.text.HAL_GPIO_WritePin) for HAL_GPIO_WritePin
    x9318.o(.ARM.exidx.text.X9318_DOWN) refers to x9318.o(.text.X9318_DOWN) for [Anonymous Symbol]
    x9318.o(.text.X9318_UP_1) refers to stm32l4xx_hal_gpio.o(.text.HAL_GPIO_WritePin) for HAL_GPIO_WritePin
    x9318.o(.ARM.exidx.text.X9318_UP_1) refers to x9318.o(.text.X9318_UP_1) for [Anonymous Symbol]
    x9318.o(.text.X9318_DOWN_1) refers to stm32l4xx_hal_gpio.o(.text.HAL_GPIO_WritePin) for HAL_GPIO_WritePin
    x9318.o(.ARM.exidx.text.X9318_DOWN_1) refers to x9318.o(.text.X9318_DOWN_1) for [Anonymous Symbol]
    x9318.o(.ARM.exidx.text.Enlarge_Control) refers to x9318.o(.text.Enlarge_Control) for [Anonymous Symbol]
    ist7918.o(.text.LCD_init) refers to stm32l4xx_hal_gpio.o(.text.HAL_GPIO_WritePin) for HAL_GPIO_WritePin
    ist7918.o(.text.LCD_init) refers to ist7918.o(.text.write_com) for write_com
    ist7918.o(.text.LCD_init) refers to flash.o(.text.remote_read) for remote_read
    ist7918.o(.text.LCD_init) refers to flash.o(.bss.remote_buf) for remote_buf
    ist7918.o(.text.LCD_init) refers to ist7918.o(.bss..L_MergedGlobals) for .L_MergedGlobals
    ist7918.o(.ARM.exidx.text.LCD_init) refers to ist7918.o(.text.LCD_init) for [Anonymous Symbol]
    ist7918.o(.text.write_com) refers to stm32l4xx_hal_gpio.o(.text.HAL_GPIO_WritePin) for HAL_GPIO_WritePin
    ist7918.o(.ARM.exidx.text.write_com) refers to ist7918.o(.text.write_com) for [Anonymous Symbol]
    ist7918.o(.text.LCD_Clear) refers to ist7918.o(.text.write_com) for write_com
    ist7918.o(.text.LCD_Clear) refers to ist7918.o(.text.write_data) for write_data
    ist7918.o(.ARM.exidx.text.LCD_Clear) refers to ist7918.o(.text.LCD_Clear) for [Anonymous Symbol]
    ist7918.o(.text.write_data) refers to stm32l4xx_hal_gpio.o(.text.HAL_GPIO_WritePin) for HAL_GPIO_WritePin
    ist7918.o(.ARM.exidx.text.write_data) refers to ist7918.o(.text.write_data) for [Anonymous Symbol]
    ist7918.o(.text.LCD_EN8X16) refers to ist7918.o(.text.write_com) for write_com
    ist7918.o(.text.LCD_EN8X16) refers to ist7918.o(.rodata.EN8x16) for EN8x16
    ist7918.o(.text.LCD_EN8X16) refers to ist7918.o(.text.write_data) for write_data
    ist7918.o(.ARM.exidx.text.LCD_EN8X16) refers to ist7918.o(.text.LCD_EN8X16) for [Anonymous Symbol]
    ist7918.o(.text.LCD_CH16X16) refers to ist7918.o(.text.write_com) for write_com
[...]
    [Anonymous Symbol]                       0x08001df0   Section        0  stm32l4xx_hal_cortex.o(.text.HAL_NVIC_SetPriority)
    [Anonymous Symbol]                       0x08001e48   Section        0  stm32l4xx_hal_cortex.o(.text.HAL_NVIC_SetPriorityGrouping)
    [Anonymous Symbol]                       0x08001e68   Section        0  stm32l4xx_hal_pwr_ex.o(.text.HAL_PWREx_ControlVoltageScaling)
    [Anonymous Symbol]                       0x08001ef0   Section        0  stm32l4xx_hal_pwr_ex.o(.text.HAL_PWREx_EnterSTOP2Mode)
    [Anonymous Symbol]                       0x08001f30   Section        0  stm32l4xx_hal_pwr_ex.o(.text.HAL_PWREx_GetVoltageRange)
    [Anonymous Symbol]                       0x08001f40   Section        0  stm32l4xx_hal_pwr.o(.text.HAL_PWR_EnableBkUpAccess)
    [Anonymous Symbol]                       0x08001f54   Section        0  stm32l4xx_hal_rcc_ex.o(.text.HAL_RCCEx_PeriphCLKConfig)
    [Anonymous Symbol]                       0x08002210   Section        0  stm32l4xx_hal_rcc.o(.text.HAL_RCC_ClockConfig)
    [Anonymous Symbol]                       0x08002450   Section        0  stm32l4xx_hal_rcc.o(.text.HAL_RCC_GetPCLK1Freq)
    [Anonymous Symbol]                       0x0800247c   Section        0  stm32l4xx_hal_rcc.o(.text.HAL_RCC_GetPCLK2Freq)
    [Anonymous Symbol]                       0x080024a8   Section        0  stm32l4xx_hal_rcc.o(.text.HAL_RCC_GetSysClockFreq)
    [Anonymous Symbol]                       0x08002568   Section        0  stm32l4xx_hal_rcc.o(.text.HAL_RCC_OscConfig)
    [Anonymous Symbol]                       0x08002cf4   Section        0  stm32l4xx_hal_rtc_ex.o(.text.HAL_RTCEx_DeactivateWakeUpTimer)
    [Anonymous Symbol]                       0x08002d64   Section        0  stm32l4xx_hal_rtc_ex.o(.text.HAL_RTCEx_SetWakeUpTimer_IT)
    [Anonymous Symbol]                       0x08002e18   Section        0  stm32l4xx_hal_rtc_ex.o(.text.HAL_RTCEx_WakeUpTimerEventCallback)
    [Anonymous Symbol]                       0x08002e1c   Section        0  stm32l4xx_hal_rtc_ex.o(.text.HAL_RTCEx_WakeUpTimerIRQHandler)
    [Anonymous Symbol]                       0x08002e50   Section        0  stm32l4xx_hal_rtc.o(.text.HAL_RTC_GetDate)
    [Anonymous Symbol]                       0x08002eb4   Section        0  stm32l4xx_hal_rtc.o(.text.HAL_RTC_GetTime)
    [Anonymous Symbol]                       0x08002f24   Section        0  stm32l4xx_hal_rtc.o(.text.HAL_RTC_Init)
    [Anonymous Symbol]                       0x08002ff8   Section        0  rtc.o(.text.HAL_RTC_MspInit)
    [Anonymous Symbol]                       0x0800305c   Section        0  stm32l4xx_hal_rtc.o(.text.HAL_RTC_SetDate)
    [Anonymous Symbol]                       0x080031a8   Section        0  stm32l4xx_hal_rtc.o(.text.HAL_RTC_SetTime)
    [Anonymous Symbol]                       0x08003318   Section        0  stm32l4xx_hal_cortex.o(.text.HAL_SYSTICK_Config)
    [Anonymous Symbol]                       0x08003344   Section        0  stm32l4xx_hal_tim_ex.o(.text.HAL_TIMEx_Break2Callback)
    [Anonymous Symbol]                       0x08003348   Section        0  stm32l4xx_hal_tim_ex.o(.text.HAL_TIMEx_BreakCallback)
    [Anonymous Symbol]                       0x0800334c   Section        0  stm32l4xx_hal_tim_ex.o(.text.HAL_TIMEx_CommutCallback)
    [Anonymous Symbol]                       0x08003350   Section        0  stm32l4xx_hal_tim_ex.o(.text.HAL_TIMEx_ConfigBreakDeadTime)
    [Anonymous Symbol]                       0x080033f0   Section        0  stm32l4xx_hal_tim_ex.o(.text.HAL_TIMEx_MasterConfigSynchronization)
    [Anonymous Symbol]                       0x08003464   Section        0  stm32l4xx_hal_tim.o(.text.HAL_TIM_Base_DeInit)
    [Anonymous Symbol]                       0x080034cc   Section        0  stm32l4xx_hal_tim.o(.text.HAL_TIM_Base_Init)
    [Anonymous Symbol]                       0x080035ac   Section        0  tim.o(.text.HAL_TIM_Base_MspDeInit)
    [Anonymous Symbol]                       0x080035f4   Section        0  tim.o(.text.HAL_TIM_Base_MspInit)
    [Anonymous Symbol]                       0x08003668   Section        0  stm32l4xx_hal_tim.o(.text.HAL_TIM_Base_Start_IT)
    [Anonymous Symbol]                       0x080036c8   Section        0  stm32l4xx_hal_tim.o(.text.HAL_TIM_ConfigClockSource)
    [Anonymous Symbol]                       0x08003868   Section        0  main.o(.text.HAL_TIM_IC_CaptureCallback)
    [Anonymous Symbol]                       0x08003878   Section        0  stm32l4xx_hal_tim.o(.text.HAL_TIM_IC_ConfigChannel)
    [Anonymous Symbol]                       0x080039dc   Section        0  stm32l4xx_hal_tim.o(.text.HAL_TIM_IC_Init)
    [Anonymous Symbol]                       0x08003abc   Section        0  tim.o(.text.HAL_TIM_IC_MspInit)
    [Anonymous Symbol]                       0x08003b34   Section        0  stm32l4xx_hal_tim.o(.text.HAL_TIM_IC_Start_IT)
    [Anonymous Symbol]                       0x08003c74   Section        0  stm32l4xx_hal_tim.o(.text.HAL_TIM_IRQHandler)
    [Anonymous Symbol]                       0x08003dfc   Section        0  stm32l4xx_hal_tim.o(.text.HAL_TIM_OC_DelayElapsedCallback)
    [Anonymous Symbol]                       0x08003e00   Section        0  stm32l4xx_hal_tim.o(.text.HAL_TIM_PWM_ConfigChannel)
    [Anonymous Symbol]                       0x080041a8   Section        0  stm32l4xx_hal_tim.o(.text.HAL_TIM_PWM_Init)
    [Anonymous Symbol]                       0x08004288   Section        0  stm32l4xx_hal_tim.o(.text.HAL_TIM_PWM_MspInit)
    [Anonymous Symbol]                       0x0800428c   Section        0  stm32l4xx_hal_tim.o(.text.HAL_TIM_PWM_PulseFinishedCallback)
    [Anonymous Symbol]                       0x08004290   Section        0  stm32l4xx_hal_tim.o(.text.HAL_TIM_PWM_Start)
    [Anonymous Symbol]                       0x08004390   Section        0  tim.o(.text.HAL_TIM_PeriodElapsedCallback)
    [Anonymous Symbol]                       0x08004410   Section        0  stm32l4xx_hal_tim.o(.text.HAL_TIM_ReadCapturedValue)
    [Anonymous Symbol]                       0x08004428   Section        0  stm32l4xx_hal_tim.o(.text.HAL_TIM_TriggerCallback)
    [Anonymous Symbol]                       0x0800442c   Section        0  stm32l4xx_hal_uart.o(.text.HAL_UART_DeInit)
    [Anonymous Symbol]                       0x08004464   Section        0  stm32l4xx_hal_uart.o(.text.HAL_UART_Init)
    [Anonymous Symbol]                       0x08004528   Section        0  usart.o(.text.HAL_UART_MspDeInit)
    [Anonymous Symbol]                       0x08004554   Section        0  usart.o(.text.HAL_UART_MspInit)
    [Anonymous Symbol]                       0x080045e8   Section        0  stm32l4xx_it.o(.text.HardFault_Handler)
    [Anonymous Symbol]                       0x080045ec   Section        0  remote.o(.text.IR_CaptureCallback)
    [Anonymous Symbol]                       0x080046e8   Section        0  remote.o(.text.IR_Scanf)
    [Anonymous Symbol]                       0x08004724   Section        0  ist7918.o(.text.LCD_CH16X16)
    [Anonymous Symbol]                       0x08004858   Section        0  ist7918.o(.text.LCD_Clear)
    [Anonymous Symbol]                       0x08004904   Section        0  ist7918.o(.text.LCD_EN16X32)
    [Anonymous Symbol]                       0x08004b34   Section        0  ist7918.o(.text.LCD_EN8X16)
    [Anonymous Symbol]                       0x08004c04   Section        0  ist7918.o(.text.LCD_init)
    [Anonymous Symbol]                       0x08004cec   Section        0  rtc.o(.text.Low_power_Sleep)
    [Anonymous Symbol]                       0x08004d94   Section        0  rtc.o(.text.Low_power_Wakeup)
    [Anonymous Symbol]                       0x08004dfc   Section        0  adc.o(.text.MX_ADC1_Init)
    [Anonymous Symbol]                       0x08004e74   Section        0  gpio.o(.text.MX_GPIO_Init)
    [Anonymous Symbol]                       0x0800500c   Section        0  rtc.o(.text.MX_RTC_Init)
    [Anonymous Symbol]                       0x080050ac   Section        0  tim.o(.text.MX_TIM1_Init)
    [Anonymous Symbol]                       0x08005200   Section        0  tim.o(.text.MX_TIM2_Init)
    [Anonymous Symbol]                       0x080052d0   Section        0  tim.o(.text.MX_TIM6_Init)
    [Anonymous Symbol]                       0x08005324   Section        0  usart.o(.text.MX_USART1_UART_Init)
    [Anonymous Symbol]                       0x08005364   Section        0  stm32l4xx_it.o(.text.MemManage_Handler)
    [Anonymous Symbol]                       0x08005368   Section        0  stm32l4xx_it.o(.text.NMI_Handler)
    [Anonymous Symbol]                       0x0800536c   Section        0  stm32l4xx_it.o(.text.PendSV_Handler)
    RCCEx_PLLSAI1_Config                     0x08005371   Thumb Code   380  stm32l4xx_hal_rcc_ex.o(.text.RCCEx_PLLSAI1_Config)
    [Anonymous Symbol]                       0x08005370   Section        0  stm32l4xx_hal_rcc_ex.o(.text.RCCEx_PLLSAI1_Config)
    [Anonymous Symbol]                       0x080054ec   Section        0  stm32l4xx_hal_rtc.o(.text.RTC_ExitInitMode)
    [Anonymous Symbol]                       0x0800558c   Section        0  rtc.o(.text.RTC_TimeShow_1)
    [Anonymous Symbol]                       0x080055ec   Section        0  stm32l4xx_it.o(.text.RTC_WKUP_IRQHandler)
    [Anonymous Symbol]                       0x080055f8   Section        0  ist7918.o(.text.Remote_Set)
    [Anonymous Symbol]                       0x080059c8   Section        0  ist7918.o(.text.Resistance_Display)
    [Anonymous Symbol]                       0x08005e5c   Section        0  stm32l4xx_it.o(.text.SVC_Handler)
    [Anonymous Symbol]                       0x08005e60   Section        0  stm32l4xx_it.o(.text.SysTick_Handler)
    [Anonymous Symbol]                       0x08005e64   Section        0  system_stm32l4xx.o(.text.SystemInit)
    [Anonymous Symbol]                       0x08005eb8   Section        0  stm32l4xx_it.o(.text.TIM1_BRK_TIM15_IRQHandler)
    [Anonymous Symbol]                       0x08005ec4   Section        0  stm32l4xx_it.o(.text.TIM2_IRQHandler)
    [Anonymous Symbol]                       0x08005ed0   Section        0  stm32l4xx_it.o(.text.TIM6_DAC_IRQHandler)
    [Anonymous Symbol]                       0x08005edc   Section        0  stm32l4xx_hal_uart.o(.text.UART_AdvFeatureConfig)
    [Anonymous Symbol]                       0x08005fc4   Section        0  stm32l4xx_hal_uart.o(.text.UART_SetConfig)
    [Anonymous Symbol]                       0x080061f0   Section        0  stm32l4xx_hal_uart.o(.text.UART_WaitOnFlagUntilTimeout)
    [Anonymous Symbol]                       0x080062d8   Section        0  stm32l4xx_it.o(.text.UsageFault_Handler)
    [Anonymous Symbol]                       0x080062dc   Section        0  x9318.o(.text.X9318_DOWN)
    [Anonymous Symbol]                       0x08006300   Section        0  x9318.o(.text.X9318_DOWN_1)
    [Anonymous Symbol]                       0x08006324   Section        0  x9318.o(.text.X9318_Init)
    [Anonymous Symbol]                       0x08006414   Section        0  x9318.o(.text.X9318_UP)
    [Anonymous Symbol]                       0x08006438   Section        0  x9318.o(.text.X9318_UP_1)
    [Anonymous Symbol]                       0x0800645c   Section        0  remote.o(.text.keyscan)
    [Anonymous Symbol]                       0x080066b0   Section        0  main.o(.text.main)
    __arm_cp.0_17                            0x08006a98   Number         4  main.o(.text.main)
    __arm_cp.0_18                            0x08006a9c   Number         4  main.o(.text.main)
    [Anonymous Symbol]                       0x0800768c   Section        0  flash.o(.text.remote_data)
    [Anonymous Symbol]                       0x080076fc   Section        0  flash.o(.text.remote_read)
    [Anonymous Symbol]                       0x08007784   Section        0  ist7918.o(.text.write_com)
    [Anonymous Symbol]                       0x080078e8   Section        0  ist7918.o(.text.write_data)
    i.__0printf                              0x08007a4c   Section        0  printfa.o(i.__0printf)
    i.__ARM_fpclassify                       0x08007a6c   Section        0  fpclassify.o(i.__ARM_fpclassify)
    i.__hardfp_pow                           0x08007aa0   Section        0  pow.o(i.__hardfp_pow)
    i.__kernel_poly                          0x08008730   Section        0  poly.o(i.__kernel_poly)
    i.__mathlib_dbl_divzero                  0x08008828   Section        0  dunder.o(i.__mathlib_dbl_divzero)
    i.__mathlib_dbl_infnan2                  0x08008858   Section        0  dunder.o(i.__mathlib_dbl_infnan2)
    i.__mathlib_dbl_invalid                  0x08008870   Section        0  dunder.o(i.__mathlib_dbl_invalid)
    i.__mathlib_dbl_overflow                 0x08008890   Section        0  dunder.o(i.__mathlib_dbl_overflow)
    i.__mathlib_dbl_underflow                0x080088b0   Section        0  dunder.o(i.__mathlib_dbl_underflow)
    i.__scatterload_copy                     0x080088d0   Section       14  handlers.o(i.__scatterload_copy)
    i.__scatterload_null                     0x080088de   Section        2  handlers.o(i.__scatterload_null)
    i.__scatterload_zeroinit                 0x080088e0   Section       14  handlers.o(i.__scatterload_zeroinit)
    i.__set_errno                            0x080088f0   Section        0  errno.o(i.__set_errno)
    _fp_digits                               0x080088fd   Thumb Code   366  printfa.o(i._fp_digits)
    i._fp_digits                             0x080088fc   Section        0  printfa.o(i._fp_digits)
    _printf_core                             0x08008a89   Thumb Code  1744  printfa.o(i._printf_core)
    i._printf_core                           0x08008a88   Section        0  printfa.o(i._printf_core)
    _printf_post_padding                     0x0800916b   Thumb Code    36  printfa.o(i._printf_post_padding)
    i._printf_post_padding                   0x0800916a   Section        0  printfa.o(i._printf_post_padding)
    _printf_pre_padding                      0x0800918f   Thumb Code    46  printfa.o(i._printf_pre_padding)
    i._printf_pre_padding                    0x0800918e   Section        0  printfa.o(i._printf_pre_padding)
    i.fabs                                   0x080091bc   Section        0  fabs.o(i.fabs)
    i.fputc                                  0x080091d4   Section        0  fputc.o(i.fputc)
    i.puts                                   0x080091e8   Section        0  puts.o(i.puts)
    i.sqrt                                   0x0800920c   Section        0  sqrt.o(i.sqrt)
    bp                                       0x08009280   Data          16  pow.o(.constdata)
    .constdata                               0x08009280   Section      136  pow.o(.constdata)
    dp_h                                     0x08009290   Data          16  pow.o(.constdata)
    dp_l                                     0x080092a0   Data          16  pow.o(.constdata)
    L                                        0x080092b0   Data          48  pow.o(.constdata)
    P                                        0x080092e0   Data          40  pow.o(.constdata)
    .constdata                               0x08009308   Section        8  qnan.o(.constdata)
    .Lswitch.table.HAL_TIM_IC_Start_IT       0x08009ae0   Data          16  stm32l4xx_hal_tim.o(.rodata.cst16)
    .Lswitch.table.HAL_TIM_IC_Stop_IT        0x08009af0   Data          16  stm32l4xx_hal_tim.o(.rodata.cst16)
    .Lswitch.table.HAL_TIM_IC_Stop_DMA       0x08009b00   Data          16  stm32l4xx_hal_tim.o(.rodata.cst16)
    .Lswitch.table.UART_SetConfig.3          0x08009b10   Data          16  stm32l4xx_hal_uart.o(.rodata.cst16)
    .L.str                                   0x08009b20   Data           9  ist7918.o(.rodata.str1.1)
    [Anonymous Symbol]                       0x08009b20   Section        0  ist7918.o(.rodata.str1.1)
    .Lstr.3                                  0x08009b29   Data           2  rtc.o(.rodata.str1.1)
    [Anonymous Symbol]                       0x08009b29   Section        0  rtc.o(.rodata.str1.1)
    .L.str                                   0x08009b2b   Data          16  rtc.o(.rodata.str1.1)
    .L.str.1                                 0x08009b3b   Data          15  rtc.o(.rodata.str1.1)
    .data                                    0x20000000   Section        4  stdout.o(.data)
    _errno                                   0x20000004   Data           4  errno.o(.data)
    .data                                    0x20000004   Section        4  errno.o(.data)
    .L_MergedGlobals                         0x20000040   Data          28  ist7918.o(.bss..L_MergedGlobals)
    [Anonymous Symbol]                       0x20000040   Section        0  ist7918.o(.bss..L_MergedGlobals)
    .L_MergedGlobals                         0x2000005c   Data           8  remote.o(.bss..L_MergedGlobals)
    [Anonymous Symbol]                       0x2000005c   Section        0  remote.o(.bss..L_MergedGlobals)
    .L_MergedGlobals                         0x20000064   Data          84  tim.o(.bss..L_MergedGlobals)
    [Anonymous Symbol]                       0x20000064   Section        0  tim.o(.bss..L_MergedGlobals)
    STACK                                    0x200002c0   Section     1024  startup_stm32l431xx.o(STACK)

    Global Symbols

    Symbol Name                              Value     Ov Type        Size  Object(Section)

    BuildAttributes$$THM_ISAv4$E$P$D$K$B$S$7EM$VFPi3$EXTD16$VFPS$VFMA$PE$A:L22UL41UL21$X:L11$S22US41US21$IEEE1$IW$~IW$USESV6$~STKCKD$USESV7$~SHL$OTIME$ROPI$IEEEX$EBA8$MICROLIB$REQ8$PRES8$EABIv2 0x00000000   Number         0  anon$$obj.o ABSOLUTE
    _printf_a                                0x00000000   Number         0  printfstubs.o ABSOLUTE
    _printf_c                                0x00000000   Number         0  printfstubs.o ABSOLUTE
    _printf_charcount                        0x00000000   Number         0  printfstubs.o ABSOLUTE
    _printf_d                                0x00000000   Number         0  printfstubs.o ABSOLUTE
    _printf_e                                0x00000000   Number         0  printfstubs.o ABSOLUTE
    _printf_f                                0x00000000   Number         0  printfstubs.o ABSOLUTE
    _printf_flags                            0x00000000   Number         0  printfstubs.o ABSOLUTE
    _printf_fp_dec                           0x00000000   Number         0  printfstubs.o ABSOLUTE
    _printf_fp_hex                           0x00000000   Number         0  printfstubs.o ABSOLUTE
    _printf_g                                0x00000000   Number         0  printfstubs.o ABSOLUTE
    _printf_i                                0x00000000   Number         0  printfstubs.o ABSOLUTE
    _printf_int_dec                          0x00000000   Number         0  printfstubs.o ABSOLUTE
    _printf_l                                0x00000000   Number         0  printfstubs.o ABSOLUTE
    _printf_lc                               0x00000000   Number         0  printfstubs.o ABSOLUTE
    _printf_ll                               0x00000000   Number         0  printfstubs.o ABSOLUTE
    _printf_lld                              0x00000000   Number         0  printfstubs.o ABSOLUTE
    _printf_lli                              0x00000000   Number         0  printfstubs.o ABSOLUTE
    _printf_llo                              0x00000000   Number         0  printfstubs.o ABSOLUTE
    _printf_llu                              0x00000000   Number         0  printfstubs.o ABSOLUTE
    _printf_llx                              0x00000000   Number         0  printfstubs.o ABSOLUTE
    _printf_longlong_dec                     0x00000000   Number         0  printfstubs.o ABSOLUTE
    _printf_longlong_hex                     0x00000000   Number         0  printfstubs.o ABSOLUTE
    _printf_longlong_oct                     0x00000000   Number         0  printfstubs.o ABSOLUTE
    _printf_ls                               0x00000000   Number         0  printfstubs.o ABSOLUTE
    _printf_mbtowc                           0x00000000   Number         0  printfstubs.o ABSOLUTE
    _printf_n                                0x00000000   Number         0  printfstubs.o ABSOLUTE
    _printf_o                                0x00000000   Number         0  printfstubs.o ABSOLUTE
    _printf_p                                0x00000000   Number         0  printfstubs.o ABSOLUTE
    _printf_percent                          0x00000000   Number         0  printfstubs.o ABSOLUTE
    _printf_pre_padding                      0x00000000   Number         0  printfstubs.o ABSOLUTE
    _printf_return_value                     0x00000000   Number         0  printfstubs.o ABSOLUTE
    _printf_s                                0x00000000   Number         0  printfstubs.o ABSOLUTE
    _printf_sizespec                         0x00000000   Number         0  printfstubs.o ABSOLUTE
    _printf_str                              0x00000000   Number         0  printfstubs.o ABSOLUTE
    _printf_truncate_signed                  0x00000000   Number         0  printfstubs.o ABSOLUTE
    _printf_truncate_unsigned                0x00000000   Number         0  printfstubs.o ABSOLUTE
    _printf_u                                0x00000000   Number         0  printfstubs.o ABSOLUTE
    _printf_wc                               0x00000000   Number         0  printfstubs.o ABSOLUTE
    _printf_wctomb                           0x00000000   Number         0  printfstubs.o ABSOLUTE
    _printf_widthprec                        0x00000000   Number         0  printfstubs.o ABSOLUTE
    _printf_x                                0x00000000   Number         0  printfstubs.o ABSOLUTE
    __cpp_initialize__aeabi_                  - Undefined Weak Reference
    __cxa_finalize                            - Undefined Weak Reference
    __decompress                              - Undefined Weak Reference
    _clock_init                               - Undefined Weak Reference
    _microlib_exit                            - Undefined Weak Reference
    __Vectors_Size                           0x0000018c   Number         0  startup_stm32l431xx.o ABSOLUTE
    __Vectors                                0x08000000   Data           4  startup_stm32l431xx.o(RESET)
    __Vectors_End                            0x0800018c   Data           0  startup_stm32l431xx.o(RESET)
    __main                                   0x0800018d   Thumb Code     0  entry.o(.ARM.Collect$$$$00000000)
    _main_stk                                0x0800018d   Thumb Code     0  entry2.o(.ARM.Collect$$$$00000001)
    _main_scatterload                        0x08000191   Thumb Code     0  entry5.o(.ARM.Collect$$$$00000004)
    __main_after_scatterload                 0x08000195   Thumb Code     0  entry5.o(.ARM.Collect$$$$00000004)
    _main_clock                              0x08000195   Thumb Code     0  entry7b.o(.ARM.Collect$$$$00000008)
    _main_cpp_init                           0x08000195   Thumb Code     0  entry8b.o(.ARM.Collect$$$$0000000A)
    _main_init                               0x08000195   Thumb Code     0  entry9a.o(.ARM.Collect$$$$0000000B)
    __rt_final_cpp                           0x0800019d   Thumb Code     0  entry10a.o(.ARM.Collect$$$$0000000D)
    __rt_final_exit                          0x0800019d   Thumb Code     0  entry11a.o(.ARM.Collect$$$$0000000F)
    Reset_Handler                            0x080001a1   Thumb Code     8  startup_stm32l431xx.o(.text)
    ADC1_IRQHandler                          0x080001bb   Thumb Code     0  startup_stm32l431xx.o(.text)
    CAN1_RX0_IRQHandler                      0x080001bb   Thumb Code     0  startup_stm32l431xx.o(.text)
    CAN1_RX1_IRQHandler                      0x080001bb   Thumb Code     0  startup_stm32l431xx.o(.text)
    CAN1_SCE_IRQHandler                      0x080001bb   Thumb Code     0  startup_stm32l431xx.o(.text)
    CAN1_TX_IRQHandler                       0x080001bb   Thumb Code     0  startup_stm32l431xx.o(.text)
    COMP_IRQHandler                          0x080001bb   Thumb Code     0  startup_stm32l431xx.o(.text)
    CRS_IRQHandler                           0x080001bb   Thumb Code     0  startup_stm32l431xx.o(.text)
    DMA1_Channel1_IRQHandler                 0x080001bb   Thumb Code     0  startup_stm32l431xx.o(.text)
    DMA1_Channel2_IRQHandler                 0x080001bb   Thumb Code     0  startup_stm32l431xx.o(.text)
    DMA1_Channel3_IRQHandler                 0x080001bb   Thumb Code     0  startup_stm32l431xx.o(.text)
    DMA1_Channel4_IRQHandler                 0x080001bb   Thumb Code     0  startup_stm32l431xx.o(.text)
    DMA1_Channel5_IRQHandler                 0x080001bb   Thumb Code     0  startup_stm32l431xx.o(.text)
    DMA1_Channel6_IRQHandler                 0x080001bb   Thumb Code     0  startup_stm32l431xx.o(.text)
    DMA1_Channel7_IRQHandler                 0x080001bb   Thumb Code     0  startup_stm32l431xx.o(.text)
    DMA2_Channel1_IRQHandler                 0x080001bb   Thumb Code     0  startup_stm32l431xx.o(.text)
    DMA2_Channel2_IRQHandler                 0x080001bb   Thumb Code     0  startup_stm32l431xx.o(.text)
    DMA2_Channel3_IRQHandler                 0x080001bb   Thumb Code     0  startup_stm32l431xx.o(.text)
    DMA2_Channel4_IRQHandler                 0x080001bb   Thumb Code     0  startup_stm32l431xx.o(.text)
    DMA2_Channel5_IRQHandler                 0x080001bb   Thumb Code     0  startup_stm32l431xx.o(.text)
    DMA2_Channel6_IRQHandler                 0x080001bb   Thumb Code     0  startup_stm32l431xx.o(.text)
    DMA2_Channel7_IRQHandler                 0x080001bb   Thumb Code     0  startup_stm32l431xx.o(.text)
    EXTI0_IRQHandler                         0x080001bb   Thumb Code     0  startup_stm32l431xx.o(.text)
    EXTI15_10_IRQHandler                     0x080001bb   Thumb Code     0  startup_stm32l431xx.o(.text)
    EXTI1_IRQHandler                         0x080001bb   Thumb Code     0  startup_stm32l431xx.o(.text)
    EXTI2_IRQHandler                         0x080001bb   Thumb Code     0  startup_stm32l431xx.o(.text)
    EXTI3_IRQHandler                         0x080001bb   Thumb Code     0  startup_stm32l431xx.o(.text)
    EXTI4_IRQHandler                         0x080001bb   Thumb Code     0  startup_stm32l431xx.o(.text)
    FLASH_IRQHandler                         0x080001bb   Thumb Code     0  startup_stm32l431xx.o(.text)
    FPU_IRQHandler                           0x080001bb   Thumb Code     0  startup_stm32l431xx.o(.text)
    I2C1_ER_IRQHandler                       0x080001bb   Thumb Code     0  startup_stm32l431xx.o(.text)
    I2C1_EV_IRQHandler                       0x080001bb   Thumb Code     0  startup_stm32l431xx.o(.text)
    I2C2_ER_IRQHandler                       0x080001bb   Thumb Code     0  startup_stm32l431xx.o(.text)
    I2C2_EV_IRQHandler                       0x080001bb   Thumb Code     0  startup_stm32l431xx.o(.text)
    I2C3_ER_IRQHandler                       0x080001bb   Thumb Code     0  startup_stm32l431xx.o(.text)
    I2C3_EV_IRQHandler                       0x080001bb   Thumb Code     0  startup_stm32l431xx.o(.text)
    LPTIM1_IRQHandler                        0x080001bb   Thumb Code     0  startup_stm32l431xx.o(.text)
    LPTIM2_IRQHandler                        0x080001bb   Thumb Code     0  startup_stm32l431xx.o(.text)
    LPUART1_IRQHandler                       0x080001bb   Thumb Code     0  startup_stm32l431xx.o(.text)
    PVD_PVM_IRQHandler                       0x080001bb   Thumb Code     0  startup_stm32l431xx.o(.text)
    QUADSPI_IRQHandler                       0x080001bb   Thumb Code     0  startup_stm32l431xx.o(.text)
    RCC_IRQHandler                           0x080001bb   Thumb Code     0  startup_stm32l431xx.o(.text)
    RNG_IRQHandler                           0x080001bb   Thumb Code     0  startup_stm32l431xx.o(.text)
    RTC_Alarm_IRQHandler                     0x080001bb   Thumb Code     0  startup_stm32l431xx.o(.text)
    SAI1_IRQHandler                          0x080001bb   Thumb Code     0  startup_stm32l431xx.o(.text)
    SDMMC1_IRQHandler                        0x080001bb   Thumb Code     0  startup_stm32l431xx.o(.text)
    SPI1_IRQHandler                          0x080001bb   Thumb Code     0  startup_stm32l431xx.o(.text)
    SPI2_IRQHandler                          0x080001bb   Thumb Code     0  startup_stm32l431xx.o(.text)
    SPI3_IRQHandler                          0x080001bb   Thumb Code     0  startup_stm32l431xx.o(.text)
    SWPMI1_IRQHandler                        0x080001bb   Thumb Code     0  startup_stm32l431xx.o(.text)
    TAMP_STAMP_IRQHandler                    0x080001bb   Thumb Code     0  startup_stm32l431xx.o(.text)
    TIM1_CC_IRQHandler                       0x080001bb   Thumb Code     0  startup_stm32l431xx.o(.text)
    TIM1_TRG_COM_IRQHandler                  0x080001bb   Thumb Code     0  startup_stm32l431xx.o(.text)
    TIM1_UP_TIM16_IRQHandler                 0x080001bb   Thumb Code     0  startup_stm32l431xx.o(.text)
    TIM7_IRQHandler                          0x080001bb   Thumb Code     0  startup_stm32l431xx.o(.text)
    TSC_IRQHandler                           0x080001bb   Thumb Code     0  startup_stm32l431xx.o(.text)
    USART1_IRQHandler                        0x080001bb   Thumb Code     0  startup_stm32l431xx.o(.text)
    USART2_IRQHandler                        0x080001bb   Thumb Code     0  startup_stm32l431xx.o(.text)
    USART3_IRQHandler                        0x080001bb   Thumb Code     0  startup_stm32l431xx.o(.text)
    WWDG_IRQHandler                          0x080001bb   Thumb Code     0  startup_stm32l431xx.o(.text)
    __aeabi_uldivmod                         0x080001c5   Thumb Code    98  uldiv.o(.text)
    __aeabi_memset                           0x0800022d   Thumb Code    14  memseta.o(.text)
    __aeabi_memset4                          0x0800022d   Thumb Code     0  memseta.o(.text)
    __aeabi_memset8                          0x0800022d   Thumb Code     0  memseta.o(.text)
    __aeabi_memclr                           0x0800023b   Thumb Code     4  memseta.o(.text)
    __aeabi_memclr4                          0x0800023b   Thumb Code     0  memseta.o(.text)
    __aeabi_memclr8                          0x0800023b   Thumb Code     0  memseta.o(.text)
    _memset$wrapper                          0x0800023f   Thumb Code    18  memseta.o(.text)
    __aeabi_dmul                             0x08000251   Thumb Code   228  dmul.o(.text)
    __aeabi_ddiv                             0x0800033b   Thumb Code   222  ddiv.o(.text)
    __aeabi_f2d                              0x08000419   Thumb Code    38  f2d.o(.text)
    __aeabi_d2f                              0x0800043f   Thumb Code    56  d2f.o(.text)
    __aeabi_uidiv                            0x08000477   Thumb Code     0  uidiv.o(.text)
    __aeabi_uidivmod                         0x08000477   Thumb Code    44  uidiv.o(.text)
    __aeabi_llsl                             0x080004a3   Thumb Code    30  llshl.o(.text)
    _ll_shift_l                              0x080004a3   Thumb Code     0  llshl.o(.text)
    __aeabi_llsr                             0x080004c1   Thumb Code    32  llushr.o(.text)
    _ll_ushift_r                             0x080004c1   Thumb Code     0  llushr.o(.text)
    __I$use$fp                               0x080004e1   Thumb Code     0  iusefp.o(.text)
    _float_round                             0x080004e1   Thumb Code    18  fepilogue.o(.text)
    _float_epilogue                          0x080004f3   Thumb Code    92  fepilogue.o(.text)
    _double_round                            0x0800054f   Thumb Code    30  depilogue.o(.text)
    _double_epilogue                         0x0800056d   Thumb Code   156  depilogue.o(.text)
    __aeabi_dadd                             0x08000609   Thumb Code   322  dadd.o(.text)
    __aeabi_dsub                             0x0800074b   Thumb Code     6  dadd.o(.text)
    __aeabi_drsub                            0x08000751   Thumb Code     6  dadd.o(.text)
    __ARM_scalbn                             0x08000767   Thumb Code    46  dscalb.o(.text)
    scalbn                                   0x08000767   Thumb Code     0  dscalb.o(.text)
    __aeabi_i2d                              0x08000795   Thumb Code    34  dflti.o(.text)
    __aeabi_d2ulz                            0x080007b7   Thumb Code    48  dfixul.o(.text)
    __aeabi_cdrcmple                         0x080007e9   Thumb Code    48  cdrcmple.o(.text)
    __scatterload                            0x08000819   Thumb Code    38  init.o(.text)
    __scatterload_rt2                        0x08000819   Thumb Code     0  init.o(.text)
    __aeabi_lasr                             0x08000849   Thumb Code    36  llsshr.o(.text)
    __semihosting_library_function           0x08000849   Thumb Code     0  semi.o(.text)
    _ll_sshift_r                             0x08000849   Thumb Code     0  llsshr.o(.text)
    __I$use$semihosting$fputc                0x0800086d   Thumb Code     0  iusesemip.o(.text)
    _dsqrt                                   0x0800086d   Thumb Code   162  dsqrt.o(.text)
    ADC_ConversionStop                       0x08000911   Thumb Code   218  stm32l4xx_hal_adc.o(.text.ADC_ConversionStop)
    ADC_Disable                              0x080009ed   Thumb Code   126  stm32l4xx_hal_adc.o(.text.ADC_Disable)
    ADC_Enable                               0x08000a6d   Thumb Code   202  stm32l4xx_hal_adc.o(.text.ADC_Enable)
    BusFault_Handler                         0x08000b39   Thumb Code     2  stm32l4xx_it.o(.text.BusFault_Handler)
    DebugMon_Handler                         0x08000b3d   Thumb Code     2  stm32l4xx_it.o(.text.DebugMon_Handler)
    EXTI9_5_IRQHandler                       0x08000b41   Thumb Code     6  stm32l4xx_it.o(.text.EXTI9_5_IRQHandler)
    Error_Handler                            0x08000b49   Thumb Code     2  main.o(.text.Error_Handler)
    FLASH_FlushCaches                        0x08000b4d   Thumb Code    96  stm32l4xx_hal_flash_ex.o(.text.FLASH_FlushCaches)
    FLASH_WaitForLastOperation               0x08000bad   Thumb Code   108  stm32l4xx_hal_flash.o(.text.FLASH_WaitForLastOperation)
    Flash_Erase                              0x08000c19   Thumb Code    40  flash.o(.text.Flash_Erase)
    GPIO_Reset_Init                          0x08000c41   Thumb Code   298  gpio.o(.text.GPIO_Reset_Init)
    Get_Adc_Average                          0x08000d71   Thumb Code    80  adc.o(.text.Get_Adc_Average)
    HAL_ADCEx_InjectedStop                   0x08000dc5   Thumb Code    76  stm32l4xx_hal_adc_ex.o(.text.HAL_ADCEx_InjectedStop)
    HAL_ADC_ConfigChannel                    0x08000e11   Thumb Code   748  stm32l4xx_hal_adc.o(.text.HAL_ADC_ConfigChannel)
    HAL_ADC_DeInit                           0x0800110d   Thumb Code   330  stm32l4xx_hal_adc.o(.text.HAL_ADC_DeInit)
    HAL_ADC_GetValue                         0x08001259   Thumb Code     6  stm32l4xx_hal_adc.o(.text.HAL_ADC_GetValue)
    HAL_ADC_Init                             0x08001261   Thumb Code   438  stm32l4xx_hal_adc.o(.text.HAL_ADC_Init)
    HAL_ADC_MspDeInit                        0x08001419   Thumb Code    40  adc.o(.text.HAL_ADC_MspDeInit)
    HAL_ADC_MspInit                          0x08001441   Thumb Code   164  adc.o(.text.HAL_ADC_MspInit)
    HAL_ADC_PollForConversion                0x080014e5   Thumb Code   204  stm32l4xx_hal_adc.o(.text.HAL_ADC_PollForConversion)
    HAL_ADC_Start                            0x080015b1   Thumb Code   124  stm32l4xx_hal_adc.o(.text.HAL_ADC_Start)
    HAL_ADC_Stop                             0x0800162d   Thumb Code    60  stm32l4xx_hal_adc.o(.text.HAL_ADC_Stop)
    HAL_Delay                                0x08001669   Thumb Code    40  stm32l4xx_hal.o(.text.HAL_Delay)
    HAL_FLASHEx_Erase                        0x08001691   Thumb Code   334  stm32l4xx_hal_flash_ex.o(.text.HAL_FLASHEx_Erase)
    HAL_FLASH_Lock                           0x080017e1   Thumb Code    20  stm32l4xx_hal_flash.o(.text.HAL_FLASH_Lock)
    HAL_FLASH_Program                        0x080017f5   Thumb Code   412  stm32l4xx_hal_flash.o(.text.HAL_FLASH_Program)
    HAL_FLASH_Unlock                         0x08001999   Thumb Code    46  stm32l4xx_hal_flash.o(.text.HAL_FLASH_Unlock)
    HAL_GPIO_DeInit                          0x080019c9   Thumb Code   264  stm32l4xx_hal_gpio.o(.text.HAL_GPIO_DeInit)
    HAL_GPIO_EXTI_Callback                   0x08001add   Thumb Code    30  rtc.o(.text.HAL_GPIO_EXTI_Callback)
    HAL_GPIO_EXTI_IRQHandler                 0x08001afd   Thumb Code    22  stm32l4xx_hal_gpio.o(.text.HAL_GPIO_EXTI_IRQHandler)
    HAL_GPIO_Init                            0x08001b15   Thumb Code   416  stm32l4xx_hal_gpio.o(.text.HAL_GPIO_Init)
    HAL_GPIO_WritePin                        0x08001cbd   Thumb Code    12  stm32l4xx_hal_gpio.o(.text.HAL_GPIO_WritePin)
    HAL_GetTick                              0x08001cc9   Thumb Code    12  stm32l4xx_hal.o(.text.HAL_GetTick)
    HAL_IncTick                              0x08001cd5   Thumb Code    26  stm32l4xx_hal.o(.text.HAL_IncTick)
    HAL_Init                                 0x08001cf1   Thumb Code    30  stm32l4xx_hal.o(.text.HAL_Init)
    HAL_InitTick                             0x08001d11   Thumb Code    90  stm32l4xx_hal.o(.text.HAL_InitTick)
    HAL_MspInit                              0x08001d6d   Thumb Code    50  stm32l4xx_hal_msp.o(.text.HAL_MspInit)
    HAL_NVIC_DisableIRQ                      0x08001da1   Thumb Code    42  stm32l4xx_hal_cortex.o(.text.HAL_NVIC_DisableIRQ)
    HAL_NVIC_EnableIRQ                       0x08001dcd   Thumb Code    34  stm32l4xx_hal_cortex.o(.text.HAL_NVIC_EnableIRQ)
    HAL_NVIC_SetPriority                     0x08001df1   Thumb Code    86  stm32l4xx_hal_cortex.o(.text.HAL_NVIC_SetPriority)
    HAL_NVIC_SetPriorityGrouping             0x08001e49   Thumb Code    32  stm32l4xx_hal_cortex.o(.text.HAL_NVIC_SetPriorityGrouping)
    HAL_PWREx_ControlVoltageScaling          0x08001e69   Thumb Code   134  stm32l4xx_hal_pwr_ex.o(.text.HAL_PWREx_ControlVoltageScaling)
    HAL_PWREx_EnterSTOP2Mode                 0x08001ef1   Thumb Code    64  stm32l4xx_hal_pwr_ex.o(.text.HAL_PWREx_EnterSTOP2Mode)
    HAL_PWREx_GetVoltageRange                0x08001f31   Thumb Code    16  stm32l4xx_hal_pwr_ex.o(.text.HAL_PWREx_GetVoltageRange)
    HAL_PWR_EnableBkUpAccess                 0x08001f41   Thumb Code    18  stm32l4xx_hal_pwr.o(.text.HAL_PWR_EnableBkUpAccess)
    HAL_RCCEx_PeriphCLKConfig                0x08001f55   Thumb Code   700  stm32l4xx_hal_rcc_ex.o(.text.HAL_RCCEx_PeriphCLKConfig)
    HAL_RCC_ClockConfig                      0x08002211   Thumb Code   574  stm32l4xx_hal_rcc.o(.text.HAL_RCC_ClockConfig)
    HAL_RCC_GetPCLK1Freq                     0x08002451   Thumb Code    42  stm32l4xx_hal_rcc.o(.text.HAL_RCC_GetPCLK1Freq)
    HAL_RCC_GetPCLK2Freq                     0x0800247d   Thumb Code    42  stm32l4xx_hal_rcc.o(.text.HAL_RCC_GetPCLK2Freq)
    HAL_RCC_GetSysClockFreq                  0x080024a9   Thumb Code   192  stm32l4xx_hal_rcc.o(.text.HAL_RCC_GetSysClockFreq)
    HAL_RCC_OscConfig                        0x08002569   Thumb Code  1930  stm32l4xx_hal_rcc.o(.text.HAL_RCC_OscConfig)
    HAL_RTCEx_DeactivateWakeUpTimer          0x08002cf5   Thumb Code   110  stm32l4xx_hal_rtc_ex.o(.text.HAL_RTCEx_DeactivateWakeUpTimer)
    HAL_RTCEx_SetWakeUpTimer_IT              0x08002d65   Thumb Code   180  stm32l4xx_hal_rtc_ex.o(.text.HAL_RTCEx_SetWakeUpTimer_IT)
    HAL_RTCEx_WakeUpTimerEventCallback       0x08002e19   Thumb Code     2  stm32l4xx_hal_rtc_ex.o(.text.HAL_RTCEx_WakeUpTimerEventCallback)
    HAL_RTCEx_WakeUpTimerIRQHandler          0x08002e1d   Thumb Code    52  stm32l4xx_hal_rtc_ex.o(.text.HAL_RTCEx_WakeUpTimerIRQHandler)
    HAL_RTC_GetDate                          0x08002e51   Thumb Code   100  stm32l4xx_hal_rtc.o(.text.HAL_RTC_GetDate)
    HAL_RTC_GetTime                          0x08002eb5   Thumb Code   112  stm32l4xx_hal_rtc.o(.text.HAL_RTC_GetTime)
    HAL_RTC_Init                             0x08002f25   Thumb Code   210  stm32l4xx_hal_rtc.o(.text.HAL_RTC_Init)
    HAL_RTC_MspInit                          0x08002ff9   Thumb Code    98  rtc.o(.text.HAL_RTC_MspInit)
    HAL_RTC_SetDate                          0x0800305d   Thumb Code   330  stm32l4xx_hal_rtc.o(.text.HAL_RTC_SetDate)
    HAL_RTC_SetTime                          0x080031a9   Thumb Code   368  stm32l4xx_hal_rtc.o(.text.HAL_RTC_SetTime)
    HAL_SYSTICK_Config                       0x08003319   Thumb Code    44  stm32l4xx_hal_cortex.o(.text.HAL_SYSTICK_Config)
    HAL_TIMEx_Break2Callback                 0x08003345   Thumb Code     2  stm32l4xx_hal_tim_ex.o(.text.HAL_TIMEx_Break2Callback)
    HAL_TIMEx_BreakCallback                  0x08003349   Thumb Code     2  stm32l4xx_hal_tim_ex.o(.text.HAL_TIMEx_BreakCallback)
    HAL_TIMEx_CommutCallback                 0x0800334d   Thumb Code     2  stm32l4xx_hal_tim_ex.o(.text.HAL_TIMEx_CommutCallback)
    HAL_TIMEx_ConfigBreakDeadTime            0x08003351   Thumb Code   158  stm32l4xx_hal_tim_ex.o(.text.HAL_TIMEx_ConfigBreakDeadTime)
    HAL_TIMEx_MasterConfigSynchronization    0x080033f1   Thumb Code   114  stm32l4xx_hal_tim_ex.o(.text.HAL_TIMEx_MasterConfigSynchronization)
    HAL_TIM_Base_DeInit                      0x08003465   Thumb Code   104  stm32l4xx_hal_tim.o(.text.HAL_TIM_Base_DeInit)
    HAL_TIM_Base_Init                        0x080034cd   Thumb Code   222  stm32l4xx_hal_tim.o(.text.HAL_TIM_Base_Init)
    HAL_TIM_Base_MspDeInit                   0x080035ad   Thumb Code    70  tim.o(.text.HAL_TIM_Base_MspDeInit)
    HAL_TIM_Base_MspInit                     0x080035f5   Thumb Code   116  tim.o(.text.HAL_TIM_Base_MspInit)
    HAL_TIM_Base_Start_IT                    0x08003669   Thumb Code    96  stm32l4xx_hal_tim.o(.text.HAL_TIM_Base_Start_IT)
    HAL_TIM_ConfigClockSource                0x080036c9   Thumb Code   416  stm32l4xx_hal_tim.o(.text.HAL_TIM_ConfigClockSource)
    HAL_TIM_IC_CaptureCallback               0x08003869   Thumb Code    14  main.o(.text.HAL_TIM_IC_CaptureCallback)
    HAL_TIM_IC_ConfigChannel                 0x08003879   Thumb Code   356  stm32l4xx_hal_tim.o(.text.HAL_TIM_IC_ConfigChannel)
    HAL_TIM_IC_Init                          0x080039dd   Thumb Code   222  stm32l4xx_hal_tim.o(.text.HAL_TIM_IC_Init)
    HAL_TIM_IC_MspInit                       0x08003abd   Thumb Code   120  tim.o(.text.HAL_TIM_IC_MspInit)
    HAL_TIM_IC_Start_IT                      0x08003b35   Thumb Code   320  stm32l4xx_hal_tim.o(.text.HAL_TIM_IC_Start_IT)
    HAL_TIM_IRQHandler                       0x08003c75   Thumb Code   392  stm32l4xx_hal_tim.o(.text.HAL_TIM_IRQHandler)
    HAL_TIM_OC_DelayElapsedCallback          0x08003dfd   Thumb Code     2  stm32l4xx_hal_tim.o(.text.HAL_TIM_OC_DelayElapsedCallback)
    HAL_TIM_PWM_ConfigChannel                0x08003e01   Thumb Code   934  stm32l4xx_hal_tim.o(.text.HAL_TIM_PWM_ConfigChannel)
    HAL_TIM_PWM_Init                         0x080041a9   Thumb Code   222  stm32l4xx_hal_tim.o(.text.HAL_TIM_PWM_Init)
    HAL_TIM_PWM_MspInit                      0x08004289   Thumb Code     2  stm32l4xx_hal_tim.o(.text.HAL_TIM_PWM_MspInit)
    HAL_TIM_PWM_PulseFinishedCallback        0x0800428d   Thumb Code     2  stm32l4xx_hal_tim.o(.text.HAL_TIM_PWM_PulseFinishedCallback)
    HAL_TIM_PWM_Start                        0x08004291   Thumb Code   256  stm32l4xx_hal_tim.o(.text.HAL_TIM_PWM_Start)
    HAL_TIM_PeriodElapsedCallback            0x08004391   Thumb Code   128  tim.o(.text.HAL_TIM_PeriodElapsedCallback)
    HAL_TIM_ReadCapturedValue                0x08004411   Thumb Code    22  stm32l4xx_hal_tim.o(.text.HAL_TIM_ReadCapturedValue)
    HAL_TIM_TriggerCallback                  0x08004429   Thumb Code     2  stm32l4xx_hal_tim.o(.text.HAL_TIM_TriggerCallback)
    HAL_UART_DeInit                          0x0800442d   Thumb Code    56  stm32l4xx_hal_uart.o(.text.HAL_UART_DeInit)
    HAL_UART_Init                            0x08004465   Thumb Code   194  stm32l4xx_hal_uart.o(.text.HAL_UART_Init)
    HAL_UART_MspDeInit                       0x08004529   Thumb Code    44  usart.o(.text.HAL_UART_MspDeInit)
    HAL_UART_MspInit                         0x08004555   Thumb Code   146  usart.o(.text.HAL_UART_MspInit)
    HardFault_Handler                        0x080045e9   Thumb Code     2  stm32l4xx_it.o(.text.HardFault_Handler)
    IR_CaptureCallback                       0x080045ed   Thumb Code   250  remote.o(.text.IR_CaptureCallback)
    IR_Scanf                                 0x080046e9   Thumb Code    58  remote.o(.text.IR_Scanf)
    LCD_CH16X16                              0x08004725   Thumb Code   306  ist7918.o(.text.LCD_CH16X16)
    LCD_Clear                                0x08004859   Thumb Code   172  ist7918.o(.text.LCD_Clear)
    LCD_EN16X32                              0x08004905   Thumb Code   558  ist7918.o(.text.LCD_EN16X32)
    LCD_EN8X16                               0x08004b35   Thumb Code   208  ist7918.o(.text.LCD_EN8X16)
    LCD_init                                 0x08004c05   Thumb Code   230  ist7918.o(.text.LCD_init)
    Low_power_Sleep                          0x08004ced   Thumb Code   168  rtc.o(.text.Low_power_Sleep)
    Low_power_Wakeup                         0x08004d95   Thumb Code   102  rtc.o(.text.Low_power_Wakeup)
    MX_ADC1_Init                             0x08004dfd   Thumb Code   120  adc.o(.text.MX_ADC1_Init)
    MX_GPIO_Init                             0x08004e75   Thumb Code   402  gpio.o(.text.MX_GPIO_Init)
    MX_RTC_Init                              0x0800500d   Thumb Code   160  rtc.o(.text.MX_RTC_Init)
    MX_TIM1_Init                             0x080050ad   Thumb Code   340  tim.o(.text.MX_TIM1_Init)
    MX_TIM2_Init                             0x08005201   Thumb Code   206  tim.o(.text.MX_TIM2_Init)
    MX_TIM6_Init                             0x080052d1   Thumb Code    84  tim.o(.text.MX_TIM6_Init)
    MX_USART1_UART_Init                      0x08005325   Thumb Code    64  usart.o(.text.MX_USART1_UART_Init)
    MemManage_Handler                        0x08005365   Thumb Code     2  stm32l4xx_it.o(.text.MemManage_Handler)
    NMI_Handler                              0x08005369   Thumb Code     2  stm32l4xx_it.o(.text.NMI_Handler)
    PendSV_Handler                           0x0800536d   Thumb Code     2  stm32l4xx_it.o(.text.PendSV_Handler)
    RTC_ExitInitMode                         0x080054ed   Thumb Code   158  stm32l4xx_hal_rtc.o(.text.RTC_ExitInitMode)
    RTC_TimeShow_1                           0x0800558d   Thumb Code    96  rtc.o(.text.RTC_TimeShow_1)
    RTC_WKUP_IRQHandler                      0x080055ed   Thumb Code    12  stm32l4xx_it.o(.text.RTC_WKUP_IRQHandler)
    Remote_Set                               0x080055f9   Thumb Code   976  ist7918.o(.text.Remote_Set)
    Resistance_Display                       0x080059c9   Thumb Code  1156  ist7918.o(.text.Resistance_Display)
    SVC_Handler                              0x08005e5d   Thumb Code     2  stm32l4xx_it.o(.text.SVC_Handler)
    SysTick_Handler                          0x08005e61   Thumb Code     4  stm32l4xx_it.o(.text.SysTick_Handler)
    SystemInit                               0x08005e65   Thumb Code    82  system_stm32l4xx.o(.text.SystemInit)
    TIM1_BRK_TIM15_IRQHandler                0x08005eb9   Thumb Code    12  stm32l4xx_it.o(.text.TIM1_BRK_TIM15_IRQHandler)
    TIM2_IRQHandler                          0x08005ec5   Thumb Code    12  stm32l4xx_it.o(.text.TIM2_IRQHandler)
    TIM6_DAC_IRQHandler                      0x08005ed1   Thumb Code    12  stm32l4xx_it.o(.text.TIM6_DAC_IRQHandler)
    UART_AdvFeatureConfig                    0x08005edd   Thumb Code   230  stm32l4xx_hal_uart.o(.text.UART_AdvFeatureConfig)
    UART_SetConfig                           0x08005fc5   Thumb Code   540  stm32l4xx_hal_uart.o(.text.UART_SetConfig)
    UART_WaitOnFlagUntilTimeout              0x080061f1   Thumb Code   232  stm32l4xx_hal_uart.o(.text.UART_WaitOnFlagUntilTimeout)
    UsageFault_Handler                       0x080062d9   Thumb Code     2  stm32l4xx_it.o(.text.UsageFault_Handler)
    X9318_DOWN                               0x080062dd   Thumb Code    34  x9318.o(.text.X9318_DOWN)
    X9318_DOWN_1                             0x08006301   Thumb Code    34  x9318.o(.text.X9318_DOWN_1)
    X9318_Init                               0x08006325   Thumb Code   238  x9318.o(.text.X9318_Init)
    X9318_UP                                 0x08006415   Thumb Code    34  x9318.o(.text.X9318_UP)
    X9318_UP_1                               0x08006439   Thumb Code    34  x9318.o(.text.X9318_UP_1)
    keyscan                                  0x0800645d   Thumb Code   590  remote.o(.text.keyscan)
    main                                     0x080066b1   Thumb Code  4040  main.o(.text.main)
    remote_data                              0x0800768d   Thumb Code   102  flash.o(.text.remote_data)
    remote_read                              0x080076fd   Thumb Code   136  flash.o(.text.remote_read)
    write_com                                0x08007785   Thumb Code   356  ist7918.o(.text.write_com)
    write_data                               0x080078e9   Thumb Code   356  ist7918.o(.text.write_data)
    __0printf                                0x08007a4d   Thumb Code    22  printfa.o(i.__0printf)
    __1printf                                0x08007a4d   Thumb Code     0  printfa.o(i.__0printf)
    __2printf                                0x08007a4d   Thumb Code     0  printfa.o(i.__0printf)
    __c89printf                              0x08007a4d   Thumb Code     0  printfa.o(i.__0printf)
    printf                                   0x08007a4d   Thumb Code     0  printfa.o(i.__0printf)
    __ARM_fpclassify                         0x08007a6d   Thumb Code    48  fpclassify.o(i.__ARM_fpclassify)
    __hardfp_pow                             0x08007aa1   Thumb Code  3088  pow.o(i.__hardfp_pow)
    __kernel_poly                            0x08008731   Thumb Code   248  poly.o(i.__kernel_poly)
    __mathlib_dbl_divzero                    0x08008829   Thumb Code    28  dunder.o(i.__mathlib_dbl_divzero)
    __mathlib_dbl_infnan2                    0x08008859   Thumb Code    20  dunder.o(i.__mathlib_dbl_infnan2)
    __mathlib_dbl_invalid                    0x08008871   Thumb Code    24  dunder.o(i.__mathlib_dbl_invalid)
    __mathlib_dbl_overflow                   0x08008891   Thumb Code    24  dunder.o(i.__mathlib_dbl_overflow)
    __mathlib_dbl_underflow                  0x080088b1   Thumb Code    24  dunder.o(i.__mathlib_dbl_underflow)
    __scatterload_copy                       0x080088d1   Thumb Code    14  handlers.o(i.__scatterload_copy)
    __scatterload_null                       0x080088df   Thumb Code     2  handlers.o(i.__scatterload_null)
    __scatterload_zeroinit                   0x080088e1   Thumb Code    14  handlers.o(i.__scatterload_zeroinit)
    __set_errno                              0x080088f1   Thumb Code     6  errno.o(i.__set_errno)
    fabs                                     0x080091bd   Thumb Code    24  fabs.o(i.fabs)
    fputc                                    0x080091d5   Thumb Code    18  fputc.o(i.fputc)
    puts                                     0x080091e9   Thumb Code    30  puts.o(i.puts)
    sqrt                                     0x0800920d   Thumb Code   110  sqrt.o(i.sqrt)
    __mathlib_zero                           0x08009308   Data           8  qnan.o(.constdata)
    AHBPrescTable                            0x08009310   Data          16  system_stm32l4xx.o(.rodata.AHBPrescTable)
    APBPrescTable                            0x08009320   Data           8  system_stm32l4xx.o(.rodata.APBPrescTable)
    CH16x16                                  0x08009328   Data         608  ist7918.o(.rodata.CH16x16)
    EN16x32                                  0x08009588   Data        1032  ist7918.o(.rodata.EN16x32)
    EN8x16                                   0x08009990   Data         288  ist7918.o(.rodata.EN8x16)
    MSIRangeTable                            0x08009ab0   Data          48  system_stm32l4xx.o(.rodata.MSIRangeTable)
    Region$$Table$$Base                      0x08009b4c   Number         0  anon$$obj.o(Region$$Table)
    Region$$Table$$Limit                     0x08009b6c   Number         0  anon$$obj.o(Region$$Table)
    __stdout                                 0x20000000   Data           4  stdout.o(.data)
    CaptureFlag                              0x20000008   Data           1  remote.o(.data.CaptureFlag)
    SystemCoreClock                          0x2000000c   Data           4  system_stm32l4xx.o(.data.SystemCoreClock)
    line                                     0x20000010   Data           1  ist7918.o(.data.line)
    pFlash                                   0x20000014   Data          32  stm32l4xx_hal_flash.o(.data.pFlash)
    uwTickFreq                               0x20000034   Data           1  stm32l4xx_hal.o(.data.uwTickFreq)
    uwTickPrio                               0x20000038   Data           4  stm32l4xx_hal.o(.data.uwTickPrio)
    Addr                                     0x20000040   Data           1  ist7918.o(.bss..L_MergedGlobals)
    channel                                  0x20000041   Data           1  ist7918.o(.bss..L_MergedGlobals)
    thshold                                  0x20000042   Data           1  ist7918.o(.bss..L_MergedGlobals)
    Sleep_Time                               0x20000043   Data           1  ist7918.o(.bss..L_MergedGlobals)
    page                                     0x20000044   Data           1  ist7918.o(.bss..L_MergedGlobals)
    flag_page                                0x20000045   Data           1  ist7918.o(.bss..L_MergedGlobals)
    addr_num                                 0x20000046   Data           1  ist7918.o(.bss..L_MergedGlobals)
    channel_num                              0x20000047   Data           1  ist7918.o(.bss..L_MergedGlobals)
    thshold_num                              0x20000048   Data           1  ist7918.o(.bss..L_MergedGlobals)
    sleep_num                                0x20000049   Data           1  ist7918.o(.bss..L_MergedGlobals)
    ge                                       0x2000004a   Data           1  ist7918.o(.bss..L_MergedGlobals)
    xiao_1                                   0x2000004b   Data           1  ist7918.o(.bss..L_MergedGlobals)
    xiao_2                                   0x2000004c   Data           1  ist7918.o(.bss..L_MergedGlobals)
    xiao_3                                   0x2000004d   Data           1  ist7918.o(.bss..L_MergedGlobals)
    shi                                      0x2000004e   Data           1  ist7918.o(.bss..L_MergedGlobals)
    old_Resistance                           0x20000050   Data           4  ist7918.o(.bss..L_MergedGlobals)
    Renew                                    0x20000054   Data           4  ist7918.o(.bss..L_MergedGlobals)
    LCD_RG                                   0x20000058   Data           4  ist7918.o(.bss..L_MergedGlobals)
    IRFlag                                   0x2000005c   Data           1  remote.o(.bss..L_MergedGlobals)
    IRReceiveFlag                            0x2000005d   Data           1  remote.o(.bss..L_MergedGlobals)
    CaptureBuf                               0x2000005e   Data           2  remote.o(.bss..L_MergedGlobals)
    IRData                                   0x20000060   Data           4  remote.o(.bss..L_MergedGlobals)
    num_i                                    0x20000064   Data           2  tim.o(.bss..L_MergedGlobals)
    lora_flag                                0x20000066   Data           2  tim.o(.bss..L_MergedGlobals)
    num_j                                    0x20000068   Data           2  tim.o(.bss..L_MergedGlobals)
    htim6                                    0x2000006c   Data          76  tim.o(.bss..L_MergedGlobals)
    IR_value                                 0x200000b8   Data           1  remote.o(.bss.IR_value)
    Resistance                               0x200000bc   Data           4  ist7918.o(.bss.Resistance)
    hadc1                                    0x200000c0   Data         100  adc.o(.bss.hadc1)
    hrtc                                     0x20000124   Data          36  rtc.o(.bss.hrtc)
    htim1                                    0x20000148   Data          76  tim.o(.bss.htim1)
    htim2                                    0x20000194   Data          76  tim.o(.bss.htim2)
    huart1                                   0x200001e0   Data         132  usart.o(.bss.huart1)
    remote_buf                               0x20000268   Data          80  flash.o(.bss.remote_buf)
    uwTick                                   0x200002b8   Data           4  stm32l4xx_hal.o(.bss.uwTick)
    __initial_sp                             0x200006c0   Data           0  startup_stm32l431xx.o(STACK)



==============================================================================

Memory Map of the image

  Image Entry point : 0x0800018d

  Load Region LR_IROM1 (Base: 0x08000000, Size: 0x00009bb0, Max: 0x00040000, ABSOLUTE)

    Execution Region ER_IROM1 (Exec base: 0x08000000, Load base: 0x08000000, Size: 0x00009b6c, Max: 0x00040000, ABSOLUTE)

    Exec Addr    Load Addr    Size         Type   Attr      Idx    E Section Name        Object

    0x08000000   0x08000000   0x0000018c   Data   RO            3    RESET               startup_stm32l431xx.o
    0x0800018c   0x0800018c   0x00000000   Code   RO         1533  * .ARM.Collect$$$$00000000  mc_w.l(entry.o)
    0x0800018c   0x0800018c   0x00000004   Code   RO         1844    .ARM.Collect$$$$00000001  mc_w.l(entry2.o)
    0x08000190   0x08000190   0x00000004   Code   RO         1847    .ARM.Collect$$$$00000004  mc_w.l(entry5.o)
    0x08000194   0x08000194   0x00000000   Code   RO         1849    .ARM.Collect$$$$00000008  mc_w.l(entry7b.o)
    0x08000194   0x08000194   0x00000000   Code   RO         1851    .ARM.Collect$$$$0000000A  mc_w.l(entry8b.o)
    0x08000194   0x08000194   0x00000008   Code   RO         1852    .ARM.Collect$$$$0000000B  mc_w.l(entry9a.o)
    0x0800019c   0x0800019c   0x00000000   Code   RO         1854    .ARM.Collect$$$$0000000D  mc_w.l(entry10a.o)
    0x0800019c   0x0800019c   0x00000000   Code   RO         1856    .ARM.Collect$$$$0000000F  mc_w.l(entry11a.o)
    0x0800019c   0x0800019c   0x00000004   Code   RO         1845    .ARM.Collect$$$$00002712  mc_w.l(entry2.o)
    0x080001a0   0x080001a0   0x00000024   Code   RO            4    .text               startup_stm32l431xx.o
    0x080001c4   0x080001c4   0x00000068   Code   RO         1540    .text               mc_w.l(uldiv.o)
    0x0800022c   0x0800022c   0x00000024   Code   RO         1542    .text               mc_w.l(memseta.o)
    0x08000250   0x08000250   0x000000ea   Code   RO         1805    .text               mf_w.l(dmul.o)
    0x0800033a   0x0800033a   0x000000de   Code   RO         1807    .text               mf_w.l(ddiv.o)
    0x08000418   0x08000418   0x00000026   Code   RO         1809    .text               mf_w.l(f2d.o)
    0x0800043e   0x0800043e   0x00000038   Code   RO         1811    .text               mf_w.l(d2f.o)
    0x08000476   0x08000476   0x0000002c   Code   RO         1872    .text               mc_w.l(uidiv.o)
    0x080004a2   0x080004a2   0x0000001e   Code   RO         1874    .text               mc_w.l(llshl.o)
    0x080004c0   0x080004c0   0x00000020   Code   RO         1876    .text               mc_w.l(llushr.o)
    0x080004e0   0x080004e0   0x00000000   Code   RO         1885    .text               mc_w.l(iusefp.o)
    0x080004e0   0x080004e0   0x0000006e   Code   RO         1886    .text               mf_w.l(fepilogue.o)
    0x0800054e   0x0800054e   0x000000ba   Code   RO         1888    .text               mf_w.l(depilogue.o)
    0x08000608   0x08000608   0x0000015e   Code   RO         1890    .text               mf_w.l(dadd.o)
    0x08000766   0x08000766   0x0000002e   Code   RO         1894    .text               mf_w.l(dscalb.o)
    0x08000794   0x08000794   0x00000022   Code   RO         1896    .text               mf_w.l(dflti.o)
    0x080007b6   0x080007b6   0x00000030   Code   RO         1898    .text               mf_w.l(dfixul.o)
    0x080007e6   0x080007e6   0x00000002   PAD
    0x080007e8   0x080007e8   0x00000030   Code   RO         1900    .text               mf_w.l(cdrcmple.o)
    0x08000818   0x08000818   0x00000030   Code   RO         1902    .text               mc_w.l(init.o)
    0x08000848   0x08000848   0x00000000   Code   RO         1904    .text               mc_w.l(semi.o)
    0x08000848   0x08000848   0x00000024   Code   RO         1905    .text               mc_w.l(llsshr.o)
    0x0800086c   0x0800086c   0x00000000   Code   RO         1907    .text               mc_w.l(iusesemip.o)
    0x0800086c   0x0800086c   0x000000a2   Code   RO         1908    .text               mf_w.l(dsqrt.o)
    0x0800090e   0x0800090e   0x00000002   PAD
    0x08000910   0x08000910   0x000000da   Code   RO          309    .text.ADC_ConversionStop  stm32l4xx_hal_adc.o
    0x080009ea   0x080009ea   0x00000002   PAD
    0x080009ec   0x080009ec   0x0000007e   Code   RO          311    .text.ADC_Disable   stm32l4xx_hal_adc.o
    0x08000a6a   0x08000a6a   0x00000002   PAD
    0x08000a6c   0x08000a6c   0x000000ca   Code   RO          317    .text.ADC_Enable    stm32l4xx_hal_adc.o
    0x08000b36   0x08000b36   0x00000002   PAD
    0x08000b38   0x08000b38   0x00000002   Code   RO          250    .text.BusFault_Handler  stm32l4xx_it.o
    0x08000b3a   0x08000b3a   0x00000002   PAD
    0x08000b3c   0x08000b3c   0x00000002   Code   RO          256    .text.DebugMon_Handler  stm32l4xx_it.o
    0x08000b3e   0x08000b3e   0x00000002   PAD
    0x08000b40   0x08000b40   0x00000006   Code   RO          264    .text.EXTI9_5_IRQHandler  stm32l4xx_it.o
    0x08000b46   0x08000b46   0x00000002   PAD
    0x08000b48   0x08000b48   0x00000002   Code   RO          114    .text.Error_Handler  main.o
    0x08000b4a   0x08000b4a   0x00000002   PAD
    0x08000b4c   0x08000b4c   0x00000060   Code   RO          633    .text.FLASH_FlushCaches  stm32l4xx_hal_flash_ex.o
    0x08000bac   0x08000bac   0x0000006c   Code   RO          598    .text.FLASH_WaitForLastOperation  stm32l4xx_hal_flash.o
    0x08000c18   0x08000c18   0x00000028   Code   RO           93    .text.Flash_Erase   flash.o
    0x08000c40   0x08000c40   0x00000130   Code   RO          129    .text.GPIO_Reset_Init  gpio.o
    0x08000d70   0x08000d70   0x00000054   Code   RO          144    .text.Get_Adc_Average  adc.o
    0x08000dc4   0x08000dc4   0x0000004c   Code   RO          375    .text.HAL_ADCEx_InjectedStop  stm32l4xx_hal_adc_ex.o
    0x08000e10   0x08000e10   0x000002fc   Code   RO          351    .text.HAL_ADC_ConfigChannel  stm32l4xx_hal_adc.o
    0x0800110c   0x0800110c   0x0000014a   Code   RO          307    .text.HAL_ADC_DeInit  stm32l4xx_hal_adc.o
    0x08001256   0x08001256   0x00000002   PAD
    0x08001258   0x08001258   0x00000006   Code   RO          339    .text.HAL_ADC_GetValue  stm32l4xx_hal_adc.o
    0x0800125e   0x0800125e   0x00000002   PAD
    0x08001260   0x08001260   0x000001b6   Code   RO          303    .text.HAL_ADC_Init  stm32l4xx_hal_adc.o
    0x08001416   0x08001416   0x00000002   PAD
    0x08001418   0x08001418   0x00000028   Code   RO          142    .text.HAL_ADC_MspDeInit  adc.o
    0x08001440   0x08001440   0x000000a4   Code   RO          140    .text.HAL_ADC_MspInit  adc.o
    0x080014e4   0x080014e4   0x000000cc   Code   RO          321    .text.HAL_ADC_PollForConversion  stm32l4xx_hal_adc.o
    0x080015b0   0x080015b0   0x0000007c   Code   RO          315    .text.HAL_ADC_Start  stm32l4xx_hal_adc.o
    0x0800162c   0x0800162c   0x0000003c   Code   RO          319    .text.HAL_ADC_Stop  stm32l4xx_hal_adc.o
    0x08001668   0x08001668   0x00000028   Code   RO          439    .text.HAL_Delay     stm32l4xx_hal.o
    0x08001690   0x08001690   0x0000014e   Code   RO          629    .text.HAL_FLASHEx_Erase  stm32l4xx_hal_flash_ex.o
    0x080017de   0x080017de   0x00000002   PAD
    0x080017e0   0x080017e0   0x00000014   Code   RO          610    .text.HAL_FLASH_Lock  stm32l4xx_hal_flash.o
    0x080017f4   0x080017f4   0x000001a2   Code   RO          596    .text.HAL_FLASH_Program  stm32l4xx_hal_flash.o
    0x08001996   0x08001996   0x00000002   PAD
    0x08001998   0x08001998   0x0000002e   Code   RO          608    .text.HAL_FLASH_Unlock  stm32l4xx_hal_flash.o
    0x080019c6   0x080019c6   0x00000002   PAD
    0x080019c8   0x080019c8   0x00000112   Code   RO          662    .text.HAL_GPIO_DeInit  stm32l4xx_hal_gpio.o
    0x08001ada   0x08001ada   0x00000002   PAD
    0x08001adc   0x08001adc   0x0000001e   Code   RO          173    .text.HAL_GPIO_EXTI_Callback  rtc.o
    0x08001afa   0x08001afa   0x00000002   PAD
    0x08001afc   0x08001afc   0x00000016   Code   RO          672    .text.HAL_GPIO_EXTI_IRQHandler  stm32l4xx_hal_gpio.o
    0x08001b12   0x08001b12   0x00000002   PAD
    0x08001b14   0x08001b14   0x000001a6   Code   RO          660    .text.HAL_GPIO_Init  stm32l4xx_hal_gpio.o
    0x08001cba   0x08001cba   0x00000002   PAD
    0x08001cbc   0x08001cbc   0x0000000c   Code   RO          666    .text.HAL_GPIO_WritePin  stm32l4xx_hal_gpio.o
    0x08001cc8   0x08001cc8   0x0000000c   Code   RO          431    .text.HAL_GetTick   stm32l4xx_hal.o
    0x08001cd4   0x08001cd4   0x0000001a   Code   RO          429    .text.HAL_IncTick   stm32l4xx_hal.o
    0x08001cee   0x08001cee   0x00000002   PAD
    0x08001cf0   0x08001cf0   0x0000001e   Code   RO          419    .text.HAL_Init      stm32l4xx_hal.o
    0x08001d0e   0x08001d0e   0x00000002   PAD
    0x08001d10   0x08001d10   0x0000005a   Code   RO          421    .text.HAL_InitTick  stm32l4xx_hal.o
    0x08001d6a   0x08001d6a   0x00000002   PAD
    0x08001d6c   0x08001d6c   0x00000032   Code   RO          279    .text.HAL_MspInit   stm32l4xx_hal_msp.o
    0x08001d9e   0x08001d9e   0x00000002   PAD
    0x08001da0   0x08001da0   0x0000002a   Code   RO          829    .text.HAL_NVIC_DisableIRQ  stm32l4xx_hal_cortex.o
    0x08001dca   0x08001dca   0x00000002   PAD
    0x08001dcc   0x08001dcc   0x00000022   Code   RO          827    .text.HAL_NVIC_EnableIRQ  stm32l4xx_hal_cortex.o
    0x08001dee   0x08001dee   0x00000002   PAD
    0x08001df0   0x08001df0   0x00000056   Code   RO          825    .text.HAL_NVIC_SetPriority  stm32l4xx_hal_cortex.o
    0x08001e46   0x08001e46   0x00000002   PAD
    0x08001e48   0x08001e48   0x00000020   Code   RO          823    .text.HAL_NVIC_SetPriorityGrouping  stm32l4xx_hal_cortex.o
    0x08001e68   0x08001e68   0x00000086   Code   RO          759    .text.HAL_PWREx_ControlVoltageScaling  stm32l4xx_hal_pwr_ex.o
    0x08001eee   0x08001eee   0x00000002   PAD
    0x08001ef0   0x08001ef0   0x00000040   Code   RO          805    .text.HAL_PWREx_EnterSTOP2Mode  stm32l4xx_hal_pwr_ex.o
    0x08001f30   0x08001f30   0x00000010   Code   RO          757    .text.HAL_PWREx_GetVoltageRange  stm32l4xx_hal_pwr_ex.o
    0x08001f40   0x08001f40   0x00000012   Code   RO          719    .text.HAL_PWR_EnableBkUpAccess  stm32l4xx_hal_pwr.o
    0x08001f52   0x08001f52   0x00000002   PAD
    0x08001f54   0x08001f54   0x000002bc   Code   RO          536    .text.HAL_RCCEx_PeriphCLKConfig  stm32l4xx_hal_rcc_ex.o
    0x08002210   0x08002210   0x0000023e   Code   RO          506    .text.HAL_RCC_ClockConfig  stm32l4xx_hal_rcc.o
    0x0800244e   0x0800244e   0x00000002   PAD
    0x08002450   0x08002450   0x0000002a   Code   RO          512    .text.HAL_RCC_GetPCLK1Freq  stm32l4xx_hal_rcc.o
    0x0800247a   0x0800247a   0x00000002   PAD
    0x0800247c   0x0800247c   0x0000002a   Code   RO          514    .text.HAL_RCC_GetPCLK2Freq  stm32l4xx_hal_rcc.o
    0x080024a6   0x080024a6   0x00000002   PAD
    0x080024a8   0x080024a8   0x000000c0   Code   RO          504    .text.HAL_RCC_GetSysClockFreq  stm32l4xx_hal_rcc.o
    0x08002568   0x08002568   0x0000078a   Code   RO          502    .text.HAL_RCC_OscConfig  stm32l4xx_hal_rcc.o
    0x08002cf2   0x08002cf2   0x00000002   PAD
    0x08002cf4   0x08002cf4   0x0000006e   Code   RO          983    .text.HAL_RTCEx_DeactivateWakeUpTimer  stm32l4xx_hal_rtc_ex.o
    0x08002d62   0x08002d62   0x00000002   PAD
    0x08002d64   0x08002d64   0x000000b4   Code   RO          981    .text.HAL_RTCEx_SetWakeUpTimer_IT  stm32l4xx_hal_rtc_ex.o
    0x08002e18   0x08002e18   0x00000002   Code   RO          989    .text.HAL_RTCEx_WakeUpTimerEventCallback  stm32l4xx_hal_rtc_ex.o
    0x08002e1a   0x08002e1a   0x00000002   PAD
    0x08002e1c   0x08002e1c   0x00000034   Code   RO          987    .text.HAL_RTCEx_WakeUpTimerIRQHandler  stm32l4xx_hal_rtc_ex.o
    0x08002e50   0x08002e50   0x00000064   Code   RO          917    .text.HAL_RTC_GetDate  stm32l4xx_hal_rtc.o
    0x08002eb4   0x08002eb4   0x00000070   Code   RO          911    .text.HAL_RTC_GetTime  stm32l4xx_hal_rtc.o
    0x08002f24   0x08002f24   0x000000d2   Code   RO          895    .text.HAL_RTC_Init  stm32l4xx_hal_rtc.o
    0x08002ff6   0x08002ff6   0x00000002   PAD
    0x08002ff8   0x08002ff8   0x00000062   Code   RO          157    .text.HAL_RTC_MspInit  rtc.o
    0x0800305a   0x0800305a   0x00000002   PAD
    0x0800305c   0x0800305c   0x0000014a   Code   RO          915    .text.HAL_RTC_SetDate  stm32l4xx_hal_rtc.o
    0x080031a6   0x080031a6   0x00000002   PAD
    0x080031a8   0x080031a8   0x00000170   Code   RO          907    .text.HAL_RTC_SetTime  stm32l4xx_hal_rtc.o
    0x08003318   0x08003318   0x0000002c   Code   RO          835    .text.HAL_SYSTICK_Config  stm32l4xx_hal_cortex.o
    0x08003344   0x08003344   0x00000002   Code   RO         1348    .text.HAL_TIMEx_Break2Callback  stm32l4xx_hal_tim_ex.o
    0x08003346   0x08003346   0x00000002   PAD
    0x08003348   0x08003348   0x00000002   Code   RO         1346    .text.HAL_TIMEx_BreakCallback  stm32l4xx_hal_tim_ex.o
    0x0800334a   0x0800334a   0x00000002   PAD
    0x0800334c   0x0800334c   0x00000002   Code   RO         1342    .text.HAL_TIMEx_CommutCallback  stm32l4xx_hal_tim_ex.o
    0x0800334e   0x0800334e   0x00000002   PAD
    0x08003350   0x08003350   0x0000009e   Code   RO         1334    .text.HAL_TIMEx_ConfigBreakDeadTime  stm32l4xx_hal_tim_ex.o
    0x080033ee   0x080033ee   0x00000002   PAD
    0x080033f0   0x080033f0   0x00000072   Code   RO         1332    .text.HAL_TIMEx_MasterConfigSynchronization  stm32l4xx_hal_tim_ex.o
    0x08003462   0x08003462   0x00000002   PAD
    0x08003464   0x08003464   0x00000068   Code   RO         1043    .text.HAL_TIM_Base_DeInit  stm32l4xx_hal_tim.o
    0x080034cc   0x080034cc   0x000000de   Code   RO         1037    .text.HAL_TIM_Base_Init  stm32l4xx_hal_tim.o
    0x080035aa   0x080035aa   0x00000002   PAD
    0x080035ac   0x080035ac   0x00000046   Code   RO          201    .text.HAL_TIM_Base_MspDeInit  tim.o
    0x080035f2   0x080035f2   0x00000002   PAD
    0x080035f4   0x080035f4   0x00000074   Code   RO          197    .text.HAL_TIM_Base_MspInit  tim.o
    0x08003668   0x08003668   0x00000060   Code   RO         1051    .text.HAL_TIM_Base_Start_IT  stm32l4xx_hal_tim.o
    0x080036c8   0x080036c8   0x000001a0   Code   RO         1217    .text.HAL_TIM_ConfigClockSource  stm32l4xx_hal_tim.o
    0x08003868   0x08003868   0x0000000e   Code   RO          116    .text.HAL_TIM_IC_CaptureCallback  main.o
    0x08003876   0x08003876   0x00000002   PAD
    0x08003878   0x08003878   0x00000164   Code   RO         1187    .text.HAL_TIM_IC_ConfigChannel  stm32l4xx_hal_tim.o
    0x080039dc   0x080039dc   0x000000de   Code   RO         1111    .text.HAL_TIM_IC_Init  stm32l4xx_hal_tim.o
    0x08003aba   0x08003aba   0x00000002   PAD
    0x08003abc   0x08003abc   0x00000078   Code   RO          199    .text.HAL_TIM_IC_MspInit  tim.o
    0x08003b34   0x08003b34   0x00000140   Code   RO         1123    .text.HAL_TIM_IC_Start_IT  stm32l4xx_hal_tim.o
    0x08003c74   0x08003c74   0x00000188   Code   RO         1171    .text.HAL_TIM_IRQHandler  stm32l4xx_hal_tim.o
    0x08003dfc   0x08003dfc   0x00000002   Code   RO         1175    .text.HAL_TIM_OC_DelayElapsedCallback  stm32l4xx_hal_tim.o
    0x08003dfe   0x08003dfe   0x00000002   PAD
    0x08003e00   0x08003e00   0x000003a6   Code   RO         1191    .text.HAL_TIM_PWM_ConfigChannel  stm32l4xx_hal_tim.o
    0x080041a6   0x080041a6   0x00000002   PAD
    0x080041a8   0x080041a8   0x000000de   Code   RO         1091    .text.HAL_TIM_PWM_Init  stm32l4xx_hal_tim.o
    0x08004286   0x08004286   0x00000002   PAD
    0x08004288   0x08004288   0x00000002   Code   RO         1093    .text.HAL_TIM_PWM_MspInit  stm32l4xx_hal_tim.o
    0x0800428a   0x0800428a   0x00000002   PAD
    0x0800428c   0x0800428c   0x00000002   Code   RO         1177    .text.HAL_TIM_PWM_PulseFinishedCallback  stm32l4xx_hal_tim.o
    0x0800428e   0x0800428e   0x00000002   PAD
    0x08004290   0x08004290   0x00000100   Code   RO         1099    .text.HAL_TIM_PWM_Start  stm32l4xx_hal_tim.o
    0x08004390   0x08004390   0x00000080   Code   RO          205    .text.HAL_TIM_PeriodElapsedCallback  tim.o
    0x08004410   0x08004410   0x00000016   Code   RO         1227    .text.HAL_TIM_ReadCapturedValue  stm32l4xx_hal_tim.o
    0x08004426   0x08004426   0x00000002   PAD
    0x08004428   0x08004428   0x00000002   Code   RO         1181    .text.HAL_TIM_TriggerCallback  stm32l4xx_hal_tim.o
    0x0800442a   0x0800442a   0x00000002   PAD
    0x0800442c   0x0800442c   0x00000038   Code   RO         1378    .text.HAL_UART_DeInit  stm32l4xx_hal_uart.o
    0x08004464   0x08004464   0x000000c2   Code   RO         1362    .text.HAL_UART_Init  stm32l4xx_hal_uart.o
    0x08004526   0x08004526   0x00000002   PAD
    0x08004528   0x08004528   0x0000002c   Code   RO          222    .text.HAL_UART_MspDeInit  usart.o
    0x08004554   0x08004554   0x00000092   Code   RO          220    .text.HAL_UART_MspInit  usart.o
    0x080045e6   0x080045e6   0x00000002   PAD
    0x080045e8   0x080045e8   0x00000002   Code   RO          246    .text.HardFault_Handler  stm32l4xx_it.o
    0x080045ea   0x080045ea   0x00000002   PAD
    0x080045ec   0x080045ec   0x000000fa   Code   RO           74    .text.IR_CaptureCallback  remote.o
    0x080046e6   0x080046e6   0x00000002   PAD
    0x080046e8   0x080046e8   0x0000003a   Code   RO           76    .text.IR_Scanf      remote.o
    0x08004722   0x08004722   0x00000002   PAD
    0x08004724   0x08004724   0x00000132   Code   RO           43    .text.LCD_CH16X16   ist7918.o
    0x08004856   0x08004856   0x00000002   PAD
    0x08004858   0x08004858   0x000000ac   Code   RO           37    .text.LCD_Clear     ist7918.o
    0x08004904   0x08004904   0x0000022e   Code   RO           45    .text.LCD_EN16X32   ist7918.o
    0x08004b32   0x08004b32   0x00000002   PAD
    0x08004b34   0x08004b34   0x000000d0   Code   RO           41    .text.LCD_EN8X16    ist7918.o
    0x08004c04   0x08004c04   0x000000e6   Code   RO           33    .text.LCD_init      ist7918.o
    0x08004cea   0x08004cea   0x00000002   PAD
    0x08004cec   0x08004cec   0x000000a8   Code   RO          169    .text.Low_power_Sleep  rtc.o
    0x08004d94   0x08004d94   0x00000066   Code   RO          171    .text.Low_power_Wakeup  rtc.o
    0x08004dfa   0x08004dfa   0x00000002   PAD
    0x08004dfc   0x08004dfc   0x00000078   Code   RO          138    .text.MX_ADC1_Init  adc.o
    0x08004e74   0x08004e74   0x00000198   Code   RO          127    .text.MX_GPIO_Init  gpio.o
    0x0800500c   0x0800500c   0x000000a0   Code   RO          155    .text.MX_RTC_Init   rtc.o
    0x080050ac   0x080050ac   0x00000154   Code   RO          189    .text.MX_TIM1_Init  tim.o
    0x08005200   0x08005200   0x000000ce   Code   RO          193    .text.MX_TIM2_Init  tim.o
    0x080052ce   0x080052ce   0x00000002   PAD
    0x080052d0   0x080052d0   0x00000054   Code   RO          195    .text.MX_TIM6_Init  tim.o
    0x08005324   0x08005324   0x00000040   Code   RO          218    .text.MX_USART1_UART_Init  usart.o
    0x08005364   0x08005364   0x00000002   Code   RO          248    .text.MemManage_Handler  stm32l4xx_it.o
    0x08005366   0x08005366   0x00000002   PAD
    0x08005368   0x08005368   0x00000002   Code   RO          244    .text.NMI_Handler   stm32l4xx_it.o
    0x0800536a   0x0800536a   0x00000002   PAD
    0x0800536c   0x0800536c   0x00000002   Code   RO          258    .text.PendSV_Handler  stm32l4xx_it.o
    0x0800536e   0x0800536e   0x00000002   PAD
    0x08005370   0x08005370   0x0000017c   Code   RO          538    .text.RCCEx_PLLSAI1_Config  stm32l4xx_hal_rcc_ex.o
    0x080054ec   0x080054ec   0x0000009e   Code   RO          901    .text.RTC_ExitInitMode  stm32l4xx_hal_rtc.o
    0x0800558a   0x0800558a   0x00000002   PAD
    0x0800558c   0x0800558c   0x00000060   Code   RO          167    .text.RTC_TimeShow_1  rtc.o
    0x080055ec   0x080055ec   0x0000000c   Code   RO          262    .text.RTC_WKUP_IRQHandler  stm32l4xx_it.o
    0x080055f8   0x080055f8   0x000003d0   Code   RO           49    .text.Remote_Set    ist7918.o
    0x080059c8   0x080059c8   0x00000494   Code   RO           51    .text.Resistance_Display  ist7918.o
    0x08005e5c   0x08005e5c   0x00000002   Code   RO          254    .text.SVC_Handler   stm32l4xx_it.o
    0x08005e5e   0x08005e5e   0x00000002   PAD
    0x08005e60   0x08005e60   0x00000004   Code   RO          260    .text.SysTick_Handler  stm32l4xx_it.o
    0x08005e64   0x08005e64   0x00000052   Code   RO          287    .text.SystemInit    system_stm32l4xx.o
    0x08005eb6   0x08005eb6   0x00000002   PAD
    0x08005eb8   0x08005eb8   0x0000000c   Code   RO          266    .text.TIM1_BRK_TIM15_IRQHandler  stm32l4xx_it.o
    0x08005ec4   0x08005ec4   0x0000000c   Code   RO          268    .text.TIM2_IRQHandler  stm32l4xx_it.o
    0x08005ed0   0x08005ed0   0x0000000c   Code   RO          270    .text.TIM6_DAC_IRQHandler  stm32l4xx_it.o
    0x08005edc   0x08005edc   0x000000e6   Code   RO         1368    .text.UART_AdvFeatureConfig  stm32l4xx_hal_uart.o
    0x08005fc2   0x08005fc2   0x00000002   PAD
    0x08005fc4   0x08005fc4   0x0000022c   Code   RO         1366    .text.UART_SetConfig  stm32l4xx_hal_uart.o
    0x080061f0   0x080061f0   0x000000e8   Code   RO         1384    .text.UART_WaitOnFlagUntilTimeout  stm32l4xx_hal_uart.o
    0x080062d8   0x080062d8   0x00000002   Code   RO          252    .text.UsageFault_Handler  stm32l4xx_it.o
    0x080062da   0x080062da   0x00000002   PAD
    0x080062dc   0x080062dc   0x00000022   Code   RO           17    .text.X9318_DOWN    x9318.o
    0x080062fe   0x080062fe   0x00000002   PAD
    0x08006300   0x08006300   0x00000022   Code   RO           21    .text.X9318_DOWN_1  x9318.o
    0x08006322   0x08006322   0x00000002   PAD
    0x08006324   0x08006324   0x000000ee   Code   RO           13    .text.X9318_Init    x9318.o
    0x08006412   0x08006412   0x00000002   PAD
    0x08006414   0x08006414   0x00000022   Code   RO           15    .text.X9318_UP      x9318.o
    0x08006436   0x08006436   0x00000002   PAD
    0x08006438   0x08006438   0x00000022   Code   RO           19    .text.X9318_UP_1    x9318.o
    0x0800645a   0x0800645a   0x00000002   PAD
    0x0800645c   0x0800645c   0x0000024e   Code   RO           78    .text.keyscan       remote.o
    0x080066aa   0x080066aa   0x00000006   PAD
    0x080066b0   0x080066b0   0x00000fdc   Code   RO          110    .text.main          main.o
    0x0800768c   0x0800768c   0x00000070   Code   RO           95    .text.remote_data   flash.o
    0x080076fc   0x080076fc   0x00000088   Code   RO           97    .text.remote_read   flash.o
    0x08007784   0x08007784   0x00000164   Code   RO           35    .text.write_com     ist7918.o
    0x080078e8   0x080078e8   0x00000164   Code   RO           39    .text.write_data    ist7918.o
    0x08007a4c   0x08007a4c   0x00000020   Code   RO         1777    i.__0printf         mc_w.l(printfa.o)
    0x08007a6c   0x08007a6c   0x00000030   Code   RO         1833    i.__ARM_fpclassify  m_wm.l(fpclassify.o)
    0x08007a9c   0x08007a9c   0x00000004   PAD
    0x08007aa0   0x08007aa0   0x00000c90   Code   RO         1526    i.__hardfp_pow      m_wm.l(pow.o)
    0x08008730   0x08008730   0x000000f8   Code   RO         1835    i.__kernel_poly     m_wm.l(poly.o)
    0x08008828   0x08008828   0x00000030   Code   RO         1813    i.__mathlib_dbl_divzero  m_wm.l(dunder.o)
    0x08008858   0x08008858   0x00000014   Code   RO         1815    i.__mathlib_dbl_infnan2  m_wm.l(dunder.o)
    0x0800886c   0x0800886c   0x00000004   PAD
    0x08008870   0x08008870   0x00000020   Code   RO         1816    i.__mathlib_dbl_invalid  m_wm.l(dunder.o)
    0x08008890   0x08008890   0x00000020   Code   RO         1817    i.__mathlib_dbl_overflow  m_wm.l(dunder.o)
    0x080088b0   0x080088b0   0x00000020   Code   RO         1819    i.__mathlib_dbl_underflow  m_wm.l(dunder.o)
    0x080088d0   0x080088d0   0x0000000e   Code   RO         1912    i.__scatterload_copy  mc_w.l(handlers.o)
    0x080088de   0x080088de   0x00000002   Code   RO         1913    i.__scatterload_null  mc_w.l(handlers.o)
    0x080088e0   0x080088e0   0x0000000e   Code   RO         1914    i.__scatterload_zeroinit  mc_w.l(handlers.o)
    0x080088ee   0x080088ee   0x00000002   PAD
    0x080088f0   0x080088f0   0x0000000c   Code   RO         1880    i.__set_errno       mc_w.l(errno.o)
    0x080088fc   0x080088fc   0x0000018a   Code   RO         1784    i._fp_digits        mc_w.l(printfa.o)
    0x08008a86   0x08008a86   0x00000002   PAD
    0x08008a88   0x08008a88   0x000006e2   Code   RO         1785    i._printf_core      mc_w.l(printfa.o)
    0x0800916a   0x0800916a   0x00000024   Code   RO         1786    i._printf_post_padding  mc_w.l(printfa.o)
    0x0800918e   0x0800918e   0x0000002e   Code   RO         1787    i._printf_pre_padding  mc_w.l(printfa.o)
    0x080091bc   0x080091bc   0x00000018   Code   RO         1829    i.fabs              m_wm.l(fabs.o)
    0x080091d4   0x080091d4   0x00000012   Code   RO         1858    i.fputc             mc_w.l(fputc.o)
    0x080091e6   0x080091e6   0x00000002   PAD
    0x080091e8   0x080091e8   0x00000024   Code   RO         1536    i.puts              mc_w.l(puts.o)
    0x0800920c   0x0800920c   0x0000006e   Code   RO         1840    i.sqrt              m_wm.l(sqrt.o)
    0x0800927a   0x0800927a   0x00000006   PAD
    0x08009280   0x08009280   0x00000088   Data   RO         1529    .constdata          m_wm.l(pow.o)
    0x08009308   0x08009308   0x00000008   Data   RO         1837    .constdata          m_wm.l(qnan.o)
    0x08009310   0x08009310   0x00000010   Data   RO          292    .rodata.AHBPrescTable  system_stm32l4xx.o
    0x08009320   0x08009320   0x00000008   Data   RO          293    .rodata.APBPrescTable  system_stm32l4xx.o
    0x08009328   0x08009328   0x00000260   Data   RO           56    .rodata.CH16x16     ist7918.o
    0x08009588   0x08009588   0x00000408   Data   RO           57    .rodata.EN16x32     ist7918.o
    0x08009990   0x08009990   0x00000120   Data   RO           55    .rodata.EN8x16      ist7918.o
    0x08009ab0   0x08009ab0   0x00000030   Data   RO          294    .rodata.MSIRangeTable  system_stm32l4xx.o
    0x08009ae0   0x08009ae0   0x00000030   Data   RO         1257    .rodata.cst16       stm32l4xx_hal_tim.o
    0x08009b10   0x08009b10   0x00000010   Data   RO         1488    .rodata.cst16       stm32l4xx_hal_uart.o
    0x08009b20   0x08009b20   0x00000009   Data   RO           60    .rodata.str1.1      ist7918.o
    0x08009b29   0x08009b29   0x00000021   Data   RO          176    .rodata.str1.1      rtc.o
    0x08009b4a   0x08009b4a   0x00000002   PAD
    0x08009b4c   0x08009b4c   0x00000020   Data   RO         1911    Region$$Table       anon$$obj.o


    Execution Region RW_IRAM1 (Exec base: 0x20000000, Load base: 0x08009b70, Size: 0x000006c0, Max: 0x00010000, ABSOLUTE)

    Exec Addr    Load Addr    Size         Type   Attr      Idx    E Section Name        Object

    0x20000000   0x08009b70   0x00000004   Data   RW         1862    .data               mc_w.l(stdout.o)
    0x20000004   0x08009b74   0x00000004   Data   RW         1881    .data               mc_w.l(errno.o)
    0x20000008   0x08009b78   0x00000001   Data   RW           80    .data.CaptureFlag   remote.o
    0x20000009   0x08009b79   0x00000003   PAD
    0x2000000c   0x08009b7c   0x00000004   Data   RW          291    .data.SystemCoreClock  system_stm32l4xx.o
    0x20000010   0x08009b80   0x00000001   Data   RW           58    .data.line          ist7918.o
    0x20000011   0x08009b81   0x00000003   PAD
    0x20000014   0x08009b84   0x00000020   Data   RW          620    .data.pFlash        stm32l4xx_hal_flash.o
    0x20000034   0x08009ba4   0x00000001   Data   RW          490    .data.uwTickFreq    stm32l4xx_hal.o
    0x20000035   0x08009ba5   0x00000003   PAD
    0x20000038   0x08009ba8   0x00000004   Data   RW          489    .data.uwTickPrio    stm32l4xx_hal.o
    0x2000003c   0x08009bac   0x00000004   PAD
    0x20000040        -       0x0000001c   Zero   RW           63    .bss..L_MergedGlobals  ist7918.o
    0x2000005c        -       0x00000008   Zero   RW           82    .bss..L_MergedGlobals  remote.o
    0x20000064        -       0x00000054   Zero   RW          209    .bss..L_MergedGlobals  tim.o
    0x200000b8        -       0x00000001   Zero   RW           81    .bss.IR_value       remote.o
    0x200000b9   0x08009bac   0x00000003   PAD
    0x200000bc        -       0x00000004   Zero   RW           61    .bss.Resistance     ist7918.o
    0x200000c0        -       0x00000064   Zero   RW          146    .bss.hadc1          adc.o
    0x20000124        -       0x00000024   Zero   RW          175    .bss.hrtc           rtc.o
    0x20000148        -       0x0000004c   Zero   RW          207    .bss.htim1          tim.o
    0x20000194        -       0x0000004c   Zero   RW          208    .bss.htim2          tim.o
    0x200001e0        -       0x00000084   Zero   RW          232    .bss.huart1         usart.o
    0x20000264   0x08009bac   0x00000004   PAD
    0x20000268        -       0x00000050   Zero   RW          100    .bss.remote_buf     flash.o
    0x200002b8        -       0x00000004   Zero   RW          491    .bss.uwTick         stm32l4xx_hal.o
    0x200002bc   0x08009bac   0x00000004   PAD
    0x200002c0        -       0x00000400   Zero   RW            1    STACK               startup_stm32l431xx.o


==============================================================================

Image component sizes


      Code (inc. data)   RO Data    RW Data    ZI Data      Debug   Object Name

       408          4          0          0        100       7604   adc.o
       288          0          0          0         80       3608   flash.o
       712          0          0          0          0       4470   gpio.o
      4334         26       1937          1         32      10563   ist7918.o
      4076        124          0          0          0      16618   main.o
       898          0          0          1          9       5628   remote.o
       654          0         33          0         36      10710   rtc.o
        36          8        396          0       1024        844   startup_stm32l431xx.o
       198          0          0          5          4       8511   stm32l4xx_hal.o
      2472         16          0          0          0      22526   stm32l4xx_hal_adc.o
        76          0          0          0          0      16434   stm32l4xx_hal_adc_ex.o
       238          0          0          0          0      10100   stm32l4xx_hal_cortex.o
       592          0          0         32          0       7012   stm32l4xx_hal_flash.o
       430          0          0          0          0       6283   stm32l4xx_hal_flash_ex.o
       730          0          0          0          0       5185   stm32l4xx_hal_gpio.o
        50          0          0          0          0       1587   stm32l4xx_hal_msp.o
        18          0          0          0          0       5471   stm32l4xx_hal_pwr.o
       214          0          0          0          0       8396   stm32l4xx_hal_pwr_ex.o
      2780          0          0          0          0      11662   stm32l4xx_hal_rcc.o
      1080          0          0          0          0      13850   stm32l4xx_hal_rcc_ex.o
      1278          0          0          0          0      16683   stm32l4xx_hal_rtc.o
       344          0          0          0          0      14005   stm32l4xx_hal_rtc_ex.o
      3570         24         48          0          0      62069   stm32l4xx_hal_tim.o
       278          0          0          0          0      23659   stm32l4xx_hal_tim_ex.o
      1268         46         16          0          0      31112   stm32l4xx_hal_uart.o
        74          0          0          0          0       6537   stm32l4xx_it.o
        82          0         72          4          0       3156   system_stm32l4xx.o
      1064          0          0          0        236      11144   tim.o
       254          0          0          0        132       9562   usart.o
       374          0          0          0          0       2925   x9318.o

    ----------------------------------------------------------------------
     29024        248       2536         52       1668     357914   Object Totals
         0          0         32          0          0          0   (incl. Generated)
       154          0          2          9         15          0   (incl. Padding)

    ----------------------------------------------------------------------

      Code (inc. data)   RO Data    RW Data    ZI Data      Debug   Library Member Name

       164         44          0          0          0        620   dunder.o
        24          0          0          0          0        124   fabs.o
        48          0          0          0          0        124   fpclassify.o
       248          0          0          0          0        152   poly.o
      3216        296        136          0          0        352   pow.o
         0          0          8          0          0          0   qnan.o
       110          0          0          0          0        148   sqrt.o
         0          0          0          0          0          0   entry.o
         0          0          0          0          0          0   entry10a.o
         0          0          0          0          0          0   entry11a.o
         8          4          0          0          0          0   entry2.o
         4          0          0          0          0          0   entry5.o
         0          0          0          0          0          0   entry7b.o
         0          0          0          0          0          0   entry8b.o
         8          4          0          0          0          0   entry9a.o
        12          6          0          4          0         68   errno.o
        18          0          0          0          0         80   fputc.o
        30          0          0          0          0          0   handlers.o
        48         10          0          0          0         68   init.o
         0          0          0          0          0          0   iusefp.o
         0          0          0          0          0          0   iusesemip.o
        30          0          0          0          0         68   llshl.o
        36          0          0          0          0         68   llsshr.o
        32          0          0          0          0         68   llushr.o
        36          0          0          0          0        108   memseta.o
      2270         90          0          0          0        452   printfa.o
        36          6          0          0          0         80   puts.o
         0          0          0          0          0          0   semi.o
         0          0          0          4          0          0   stdout.o
        44          0          0          0          0         80   uidiv.o
       104          0          0          0          0         92   uldiv.o
        48          0          0          0          0         68   cdrcmple.o
        56          0          0          0          0         88   d2f.o
       350          0          0          0          0        148   dadd.o
       222          0          0          0          0        100   ddiv.o
       186          0          0          0          0        176   depilogue.o
        48          0          0          0          0         68   dfixul.o
        34          0          0          0          0         76   dflti.o
       234          0          0          0          0         96   dmul.o
        46          0          0          0          0         80   dscalb.o
       162          0          0          0          0        100   dsqrt.o
        38          0          0          0          0         68   f2d.o
       110          0          0          0          0        168   fepilogue.o

    ----------------------------------------------------------------------
      8084        460        144          8          0       3988   Library Totals
        24          0          0          0          0          0   (incl. Padding)

    ----------------------------------------------------------------------

      Code (inc. data)   RO Data    RW Data    ZI Data      Debug   Library Name

      3810        340        144          0          0       1520   m_wm.l
      2716        120          0          8          0       1232   mc_w.l
      1534          0          0          0          0       1236   mf_w.l

    ----------------------------------------------------------------------
      8084        460        144          8          0       3988   Library Totals

    ----------------------------------------------------------------------

==============================================================================


      Code (inc. data)   RO Data    RW Data    ZI Data      Debug   

     37108        708       2680         60       1668     359398   Grand Totals
     37108        708       2680         60       1668     359398   ELF Image Totals
     37108        708       2680         60          0          0   ROM Totals

==============================================================================

    Total RO  Size (Code + RO Data)                39788 (  38.86kB)
    Total RW  Size (RW Data + ZI Data)              1728 (   1.69kB)
    Total ROM Size (Code + RO Data + RW Data)      39848 (  38.91kB)

==============================================================================

